Component: ARM Compiler 5.06 update 7 (build 960) Tool: armlink [4d3601]

==============================================================================

Section Cross References

    startup_stm32f103xb.o(STACK) refers (Special) to heapauxi.o(.text) for __use_two_region_memory
    startup_stm32f103xb.o(HEAP) refers (Special) to heapauxi.o(.text) for __use_two_region_memory
    startup_stm32f103xb.o(RESET) refers (Special) to heapauxi.o(.text) for __use_two_region_memory
    startup_stm32f103xb.o(RESET) refers to startup_stm32f103xb.o(STACK) for __initial_sp
    startup_stm32f103xb.o(RESET) refers to startup_stm32f103xb.o(.text) for Reset_Handler
    startup_stm32f103xb.o(RESET) refers to stm32f1xx_it.o(i.NMI_Handler) for NMI_Handler
    startup_stm32f103xb.o(RESET) refers to stm32f1xx_it.o(i.HardFault_Handler) for HardFault_Handler
    startup_stm32f103xb.o(RESET) refers to stm32f1xx_it.o(i.MemManage_Handler) for MemManage_Handler
    startup_stm32f103xb.o(RESET) refers to stm32f1xx_it.o(i.BusFault_Handler) for BusFault_Handler
    startup_stm32f103xb.o(RESET) refers to stm32f1xx_it.o(i.UsageFault_Handler) for UsageFault_Handler
    startup_stm32f103xb.o(RESET) refers to stm32f1xx_it.o(i.SVC_Handler) for SVC_Handler
    startup_stm32f103xb.o(RESET) refers to stm32f1xx_it.o(i.DebugMon_Handler) for DebugMon_Handler
    startup_stm32f103xb.o(RESET) refers to stm32f1xx_it.o(i.PendSV_Handler) for PendSV_Handler
    startup_stm32f103xb.o(RESET) refers to stm32f1xx_it.o(i.SysTick_Handler) for SysTick_Handler
    startup_stm32f103xb.o(RESET) refers to stm32f1xx_it.o(i.TIM4_IRQHandler) for TIM4_IRQHandler
    startup_stm32f103xb.o(RESET) refers to stm32f1xx_it.o(i.USART1_IRQHandler) for USART1_IRQHandler
    startup_stm32f103xb.o(RESET) refers to stm32f1xx_it.o(i.USART3_IRQHandler) for USART3_IRQHandler
    startup_stm32f103xb.o(.text) refers (Special) to heapauxi.o(.text) for __use_two_region_memory
    startup_stm32f103xb.o(.text) refers to system_stm32f1xx.o(i.SystemInit) for SystemInit
    startup_stm32f103xb.o(.text) refers to __main.o(!!!main) for __main
    startup_stm32f103xb.o(.text) refers to startup_stm32f103xb.o(HEAP) for Heap_Mem
    startup_stm32f103xb.o(.text) refers to startup_stm32f103xb.o(STACK) for Stack_Mem
    delay.o(i.Delay_Ms) refers to stm32f1xx_hal.o(i.HAL_Delay) for HAL_Delay
    delay.o(i.Delay_Us) refers to stm32f1xx_hal_rcc.o(i.HAL_RCC_GetHCLKFreq) for HAL_RCC_GetHCLKFreq
    main.o(i.Close) refers to beep.o(i.Beep_Control) for Beep_Control
    main.o(i.Close) refers to gpio_output.o(i.GpioOutput_NumbetrControl) for GpioOutput_NumbetrControl
    main.o(i.Close) refers to main.o(.data) for .data
    main.o(i.GetAdValue) refers to stm32f1xx_hal_adc.o(i.HAL_ADC_Start) for HAL_ADC_Start
    main.o(i.GetAdValue) refers to stm32f1xx_hal_adc.o(i.HAL_ADC_PollForConversion) for HAL_ADC_PollForConversion
    main.o(i.GetAdValue) refers to stm32f1xx_hal_adc.o(i.HAL_ADC_GetState) for HAL_ADC_GetState
    main.o(i.GetAdValue) refers to stm32f1xx_hal_adc.o(i.HAL_ADC_GetValue) for HAL_ADC_GetValue
    main.o(i.GetAdValue) refers to main.o(i.map) for map
    main.o(i.GetAdValue) refers to adc.o(.bss) for hadc1
    main.o(i.GetAdValue) refers to main.o(.data) for .data
    main.o(i.Main_GPIO_Init) refers to main.o(i.Main_GPIO_OpenAll_RCC_CLK) for Main_GPIO_OpenAll_RCC_CLK
    main.o(i.SystemClock_Config) refers to rt_memclr_w.o(.text) for __aeabi_memclr4
    main.o(i.SystemClock_Config) refers to stm32f1xx_hal_rcc.o(i.HAL_RCC_OscConfig) for HAL_RCC_OscConfig
    main.o(i.SystemClock_Config) refers to stm32f1xx_hal_rcc.o(i.HAL_RCC_ClockConfig) for HAL_RCC_ClockConfig
    main.o(i.SystemClock_Config) refers to stm32f1xx_hal_rcc_ex.o(i.HAL_RCCEx_PeriphCLKConfig) for HAL_RCCEx_PeriphCLKConfig
    main.o(i.main) refers to _printf_pad.o(.text) for _printf_pre_padding
    main.o(i.main) refers to _printf_percent.o(.ARM.Collect$$_printf_percent$$00000000) for _printf_percent
    main.o(i.main) refers to _printf_d.o(.ARM.Collect$$_printf_percent$$00000009) for _printf_d
    main.o(i.main) refers to _printf_dec.o(.text) for _printf_int_dec
    main.o(i.main) refers to _printf_f.o(.ARM.Collect$$_printf_percent$$00000003) for _printf_f
    main.o(i.main) refers to printf1.o(x$fpl$printf1) for _printf_fp_dec
    main.o(i.main) refers to stm32f1xx_hal.o(i.HAL_Init) for HAL_Init
    main.o(i.main) refers to main.o(i.SystemClock_Config) for SystemClock_Config
    main.o(i.main) refers to gpio.o(i.MX_GPIO_Init) for MX_GPIO_Init
    main.o(i.main) refers to tim.o(i.MX_TIM4_Init) for MX_TIM4_Init
    main.o(i.main) refers to usart.o(i.MX_USART1_UART_Init) for MX_USART1_UART_Init
    main.o(i.main) refers to adc.o(i.MX_ADC1_Init) for MX_ADC1_Init
    main.o(i.main) refers to usart.o(i.MX_USART3_UART_Init) for MX_USART3_UART_Init
    main.o(i.main) refers to main.o(i.Main_GPIO_OpenAll_RCC_CLK) for Main_GPIO_OpenAll_RCC_CLK
[...]
    .text                                    0x08000be6   Section        0  exit.o(.text)
    .text                                    0x08000bf8   Section      128  strcmpv7m.o(.text)
    CL$$btod_d2e                             0x08000c78   Section       62  btod.o(CL$$btod_d2e)
    CL$$btod_d2e_denorm_low                  0x08000cb6   Section       70  btod.o(CL$$btod_d2e_denorm_low)
    CL$$btod_d2e_norm_op1                    0x08000cfc   Section       96  btod.o(CL$$btod_d2e_norm_op1)
    CL$$btod_div_common                      0x08000d5c   Section      824  btod.o(CL$$btod_div_common)
    CL$$btod_e2e                             0x08001094   Section      220  btod.o(CL$$btod_e2e)
    CL$$btod_ediv                            0x08001170   Section       42  btod.o(CL$$btod_ediv)
    CL$$btod_emul                            0x0800119a   Section       42  btod.o(CL$$btod_emul)
    CL$$btod_mult_common                     0x080011c4   Section      580  btod.o(CL$$btod_mult_common)
    i.ADC_ConversionStop_Disable             0x08001408   Section        0  stm32f1xx_hal_adc.o(i.ADC_ConversionStop_Disable)
    i.ADC_Enable                             0x08001460   Section        0  stm32f1xx_hal_adc.o(i.ADC_Enable)
    i.Beep_Control                           0x080014dc   Section        0  beep.o(i.Beep_Control)
    i.Beep_GapControl                        0x080014f4   Section        0  beep.o(i.Beep_GapControl)
    i.Beep_Init                              0x08001530   Section        0  beep.o(i.Beep_Init)
    i.BusFault_Handler                       0x08001560   Section        0  stm32f1xx_it.o(i.BusFault_Handler)
    i.Close                                  0x08001564   Section        0  main.o(i.Close)
    i.DebugMon_Handler                       0x08001594   Section        0  stm32f1xx_it.o(i.DebugMon_Handler)
    i.Delay_Ms                               0x08001596   Section        0  delay.o(i.Delay_Ms)
    i.Delay_Us                               0x0800159c   Section        0  delay.o(i.Delay_Us)
    i.Error_Handler                          0x080015b8   Section        0  main.o(i.Error_Handler)
    i.FLASH_MassErase                        0x080015bc   Section        0  stm32f1xx_hal_flash_ex.o(i.FLASH_MassErase)
    FLASH_MassErase                          0x080015bd   Thumb Code    26  stm32f1xx_hal_flash_ex.o(i.FLASH_MassErase)
    i.FLASH_PageErase                        0x080015e0   Section        0  stm32f1xx_hal_flash_ex.o(i.FLASH_PageErase)
    i.FLASH_Program_HalfWord                 0x08001604   Section        0  stm32f1xx_hal_flash.o(i.FLASH_Program_HalfWord)
    FLASH_Program_HalfWord                   0x08001605   Thumb Code    20  stm32f1xx_hal_flash.o(i.FLASH_Program_HalfWord)
    i.FLASH_SetErrorCode                     0x08001620   Section        0  stm32f1xx_hal_flash.o(i.FLASH_SetErrorCode)
    FLASH_SetErrorCode                       0x08001621   Thumb Code    84  stm32f1xx_hal_flash.o(i.FLASH_SetErrorCode)
    i.FLASH_WaitForLastOperation             0x0800167c   Section        0  stm32f1xx_hal_flash.o(i.FLASH_WaitForLastOperation)
    i.Flash_Init                             0x080016d0   Section        0  flash.o(i.Flash_Init)
    i.Flash_ReadValue                        0x080016d4   Section        0  flash.o(i.Flash_ReadValue)
    i.Flash_SaveValue                        0x080016e0   Section        0  flash.o(i.Flash_SaveValue)
    i.GetAdValue                             0x080016f0   Section        0  main.o(i.GetAdValue)
    i.GpioOutput_Control                     0x08001760   Section        0  gpio_output.o(i.GpioOutput_Control)
    i.GpioOutput_Init                        0x080017b4   Section        0  gpio_output.o(i.GpioOutput_Init)
    i.GpioOutput_NumbetrControl              0x0800182c   Section        0  gpio_output.o(i.GpioOutput_NumbetrControl)
    i.HAL_ADC_ConfigChannel                  0x08001840   Section        0  stm32f1xx_hal_adc.o(i.HAL_ADC_ConfigChannel)
    i.HAL_ADC_GetState                       0x0800193c   Section        0  stm32f1xx_hal_adc.o(i.HAL_ADC_GetState)
    i.HAL_ADC_GetValue                       0x08001940   Section        0  stm32f1xx_hal_adc.o(i.HAL_ADC_GetValue)
    i.HAL_ADC_Init                           0x08001948   Section        0  stm32f1xx_hal_adc.o(i.HAL_ADC_Init)
    i.HAL_ADC_MspInit                        0x08001a64   Section        0  adc.o(i.HAL_ADC_MspInit)
    i.HAL_ADC_PollForConversion              0x08001abc   Section        0  stm32f1xx_hal_adc.o(i.HAL_ADC_PollForConversion)
    i.HAL_ADC_Start                          0x08001bf8   Section        0  stm32f1xx_hal_adc.o(i.HAL_ADC_Start)
    i.HAL_DMA_Abort                          0x08001cb8   Section        0  stm32f1xx_hal_dma.o(i.HAL_DMA_Abort)
    i.HAL_DMA_Abort_IT                       0x08001d00   Section        0  stm32f1xx_hal_dma.o(i.HAL_DMA_Abort_IT)
    i.HAL_Delay                              0x08001d98   Section        0  stm32f1xx_hal.o(i.HAL_Delay)
    i.HAL_FLASHEx_Erase                      0x08001dbc   Section        0  stm32f1xx_hal_flash_ex.o(i.HAL_FLASHEx_Erase)
    i.HAL_FLASH_Lock                         0x08001e64   Section        0  stm32f1xx_hal_flash.o(i.HAL_FLASH_Lock)
    i.HAL_FLASH_Program                      0x08001e78   Section        0  stm32f1xx_hal_flash.o(i.HAL_FLASH_Program)
    i.HAL_FLASH_Unlock                       0x08001ef8   Section        0  stm32f1xx_hal_flash.o(i.HAL_FLASH_Unlock)
    i.HAL_GPIO_Init                          0x08001f20   Section        0  stm32f1xx_hal_gpio.o(i.HAL_GPIO_Init)
    i.HAL_GPIO_ReadPin                       0x08002100   Section        0  stm32f1xx_hal_gpio.o(i.HAL_GPIO_ReadPin)
    i.HAL_GPIO_WritePin                      0x0800210a   Section        0  stm32f1xx_hal_gpio.o(i.HAL_GPIO_WritePin)
    i.HAL_GetTick                            0x08002114   Section        0  stm32f1xx_hal.o(i.HAL_GetTick)
    i.HAL_IncTick                            0x08002120   Section        0  stm32f1xx_hal.o(i.HAL_IncTick)
    i.HAL_Init                               0x08002130   Section        0  stm32f1xx_hal.o(i.HAL_Init)
    i.HAL_InitTick                           0x08002154   Section        0  stm32f1xx_hal.o(i.HAL_InitTick)
    i.HAL_MspInit                            0x08002194   Section        0  stm32f1xx_hal_msp.o(i.HAL_MspInit)
    i.HAL_NVIC_EnableIRQ                     0x080021c0   Section        0  stm32f1xx_hal_cortex.o(i.HAL_NVIC_EnableIRQ)
    i.HAL_NVIC_SetPriority                   0x080021dc   Section        0  stm32f1xx_hal_cortex.o(i.HAL_NVIC_SetPriority)
    i.HAL_NVIC_SetPriorityGrouping           0x0800221c   Section        0  stm32f1xx_hal_cortex.o(i.HAL_NVIC_SetPriorityGrouping)
    i.HAL_RCCEx_GetPeriphCLKFreq             0x08002240   Section        0  stm32f1xx_hal_rcc_ex.o(i.HAL_RCCEx_GetPeriphCLKFreq)
    i.HAL_RCCEx_PeriphCLKConfig              0x080022e4   Section        0  stm32f1xx_hal_rcc_ex.o(i.HAL_RCCEx_PeriphCLKConfig)
    i.HAL_RCC_ClockConfig                    0x080023d0   Section        0  stm32f1xx_hal_rcc.o(i.HAL_RCC_ClockConfig)
    i.HAL_RCC_GetHCLKFreq                    0x080024fc   Section        0  stm32f1xx_hal_rcc.o(i.HAL_RCC_GetHCLKFreq)
    i.HAL_RCC_GetPCLK1Freq                   0x08002508   Section        0  stm32f1xx_hal_rcc.o(i.HAL_RCC_GetPCLK1Freq)
    i.HAL_RCC_GetPCLK2Freq                   0x08002528   Section        0  stm32f1xx_hal_rcc.o(i.HAL_RCC_GetPCLK2Freq)
    i.HAL_RCC_GetSysClockFreq                0x08002548   Section        0  stm32f1xx_hal_rcc.o(i.HAL_RCC_GetSysClockFreq)
    i.HAL_RCC_OscConfig                      0x08002594   Section        0  stm32f1xx_hal_rcc.o(i.HAL_RCC_OscConfig)
    i.HAL_SYSTICK_Config                     0x080028b4   Section        0  stm32f1xx_hal_cortex.o(i.HAL_SYSTICK_Config)
    i.HAL_TIMEx_BreakCallback                0x080028dc   Section        0  stm32f1xx_hal_tim_ex.o(i.HAL_TIMEx_BreakCallback)
    i.HAL_TIMEx_CommutCallback               0x080028de   Section        0  stm32f1xx_hal_tim_ex.o(i.HAL_TIMEx_CommutCallback)
    i.HAL_TIMEx_MasterConfigSynchronization  0x080028e0   Section        0  stm32f1xx_hal_tim_ex.o(i.HAL_TIMEx_MasterConfigSynchronization)
    i.HAL_TIM_Base_Init                      0x08002948   Section        0  stm32f1xx_hal_tim.o(i.HAL_TIM_Base_Init)
    i.HAL_TIM_Base_MspInit                   0x080029a4   Section        0  tim.o(i.HAL_TIM_Base_MspInit)
    i.HAL_TIM_ConfigClockSource              0x080029e0   Section        0  stm32f1xx_hal_tim.o(i.HAL_TIM_ConfigClockSource)
    i.HAL_TIM_IC_CaptureCallback             0x08002abc   Section        0  stm32f1xx_hal_tim.o(i.HAL_TIM_IC_CaptureCallback)
    i.HAL_TIM_IRQHandler                     0x08002abe   Section        0  stm32f1xx_hal_tim.o(i.HAL_TIM_IRQHandler)
    i.HAL_TIM_OC_DelayElapsedCallback        0x08002c24   Section        0  stm32f1xx_hal_tim.o(i.HAL_TIM_OC_DelayElapsedCallback)
    i.HAL_TIM_PWM_PulseFinishedCallback      0x08002c26   Section        0  stm32f1xx_hal_tim.o(i.HAL_TIM_PWM_PulseFinishedCallback)
    i.HAL_TIM_PeriodElapsedCallback          0x08002c28   Section        0  stm32f1xx_hal_tim.o(i.HAL_TIM_PeriodElapsedCallback)
    i.HAL_TIM_TriggerCallback                0x08002c2a   Section        0  stm32f1xx_hal_tim.o(i.HAL_TIM_TriggerCallback)
    i.HAL_UARTEx_RxEventCallback             0x08002c2c   Section        0  stm32f1xx_hal_uart.o(i.HAL_UARTEx_RxEventCallback)
    i.HAL_UART_ErrorCallback                 0x08002c2e   Section        0  stm32f1xx_hal_uart.o(i.HAL_UART_ErrorCallback)
    i.HAL_UART_IRQHandler                    0x08002c30   Section        0  stm32f1xx_hal_uart.o(i.HAL_UART_IRQHandler)
    i.HAL_UART_Init                          0x08002e9c   Section        0  stm32f1xx_hal_uart.o(i.HAL_UART_Init)
    i.HAL_UART_MspInit                       0x08002f00   Section        0  usart.o(i.HAL_UART_MspInit)
    i.HAL_UART_RxCpltCallback                0x08002fdc   Section        0  stm32f1xx_hal_uart.o(i.HAL_UART_RxCpltCallback)
    i.HAL_UART_TxCpltCallback                0x08002fde   Section        0  stm32f1xx_hal_uart.o(i.HAL_UART_TxCpltCallback)
    i.HardFault_Handler                      0x08002fe0   Section        0  stm32f1xx_it.o(i.HardFault_Handler)
    i.Key_Init                               0x08002fe4   Section        0  key.o(i.Key_Init)
    i.Key_Scan                               0x08003030   Section        0  key.o(i.Key_Scan)
    i.MX_ADC1_Init                           0x08003104   Section        0  adc.o(i.MX_ADC1_Init)
    i.MX_GPIO_Init                           0x0800316c   Section        0  gpio.o(i.MX_GPIO_Init)
    i.MX_TIM4_Init                           0x080031a8   Section        0  tim.o(i.MX_TIM4_Init)
    i.MX_USART1_UART_Init                    0x08003210   Section        0  usart.o(i.MX_USART1_UART_Init)
    i.MX_USART3_UART_Init                    0x08003248   Section        0  usart.o(i.MX_USART3_UART_Init)
    i.Main_GPIO_OpenAll_RCC_CLK              0x08003280   Section        0  main.o(i.Main_GPIO_OpenAll_RCC_CLK)
    i.MemManage_Handler                      0x080032cc   Section        0  stm32f1xx_it.o(i.MemManage_Handler)
    i.NMI_Handler                            0x080032ce   Section        0  stm32f1xx_it.o(i.NMI_Handler)
    i.PendSV_Handler                         0x080032d0   Section        0  stm32f1xx_it.o(i.PendSV_Handler)
    i.Private_Flash_ReadValue                0x080032d4   Section        0  flash.o(i.Private_Flash_ReadValue)
    i.Private_Flash_SaveValue                0x08003304   Section        0  flash.o(i.Private_Flash_SaveValue)
    i.SVC_Handler                            0x08003360   Section        0  stm32f1xx_it.o(i.SVC_Handler)
    i.SysTick_Handler                        0x08003362   Section        0  stm32f1xx_it.o(i.SysTick_Handler)
    i.SystemClock_Config                     0x08003366   Section        0  main.o(i.SystemClock_Config)
    i.SystemInit                             0x080033de   Section        0  system_stm32f1xx.o(i.SystemInit)
    i.TIM4_IRQHandler                        0x080033e0   Section        0  stm32f1xx_it.o(i.TIM4_IRQHandler)
    i.TIM_Base_SetConfig                     0x080033ec   Section        0  stm32f1xx_hal_tim.o(i.TIM_Base_SetConfig)
    i.TIM_ETR_SetConfig                      0x08003458   Section        0  stm32f1xx_hal_tim.o(i.TIM_ETR_SetConfig)
    i.TIM_ITRx_SetConfig                     0x0800346c   Section        0  stm32f1xx_hal_tim.o(i.TIM_ITRx_SetConfig)
    TIM_ITRx_SetConfig                       0x0800346d   Thumb Code    16  stm32f1xx_hal_tim.o(i.TIM_ITRx_SetConfig)
    i.TIM_TI1_ConfigInputStage               0x0800347c   Section        0  stm32f1xx_hal_tim.o(i.TIM_TI1_ConfigInputStage)
    TIM_TI1_ConfigInputStage                 0x0800347d   Thumb Code    34  stm32f1xx_hal_tim.o(i.TIM_TI1_ConfigInputStage)
    i.TIM_TI2_ConfigInputStage               0x0800349e   Section        0  stm32f1xx_hal_tim.o(i.TIM_TI2_ConfigInputStage)
    TIM_TI2_ConfigInputStage                 0x0800349f   Thumb Code    36  stm32f1xx_hal_tim.o(i.TIM_TI2_ConfigInputStage)
    i.UART_DMAAbortOnError                   0x080034c2   Section        0  stm32f1xx_hal_uart.o(i.UART_DMAAbortOnError)
    UART_DMAAbortOnError                     0x080034c3   Thumb Code    16  stm32f1xx_hal_uart.o(i.UART_DMAAbortOnError)
    i.UART_EndRxTransfer                     0x080034d2   Section        0  stm32f1xx_hal_uart.o(i.UART_EndRxTransfer)
    UART_EndRxTransfer                       0x080034d3   Thumb Code    78  stm32f1xx_hal_uart.o(i.UART_EndRxTransfer)
    i.UART_Receive_IT                        0x08003520   Section        0  stm32f1xx_hal_uart.o(i.UART_Receive_IT)
    UART_Receive_IT                          0x08003521   Thumb Code   194  stm32f1xx_hal_uart.o(i.UART_Receive_IT)
    i.UART_SetConfig                         0x080035e4   Section        0  stm32f1xx_hal_uart.o(i.UART_SetConfig)
    UART_SetConfig                           0x080035e5   Thumb Code   178  stm32f1xx_hal_uart.o(i.UART_SetConfig)
    i.USART1_IRQHandler                      0x0800369c   Section        0  stm32f1xx_it.o(i.USART1_IRQHandler)
    i.USART3_IRQHandler                      0x080036a8   Section        0  stm32f1xx_it.o(i.USART3_IRQHandler)
    i.UsageFault_Handler                     0x080036b4   Section        0  stm32f1xx_it.o(i.UsageFault_Handler)
    i.__ARM_fpclassify                       0x080036b6   Section        0  fpclassify.o(i.__ARM_fpclassify)
    i.__NVIC_SetPriority                     0x080036de   Section        0  stm32f1xx_hal_cortex.o(i.__NVIC_SetPriority)
    __NVIC_SetPriority                       0x080036df   Thumb Code    32  stm32f1xx_hal_cortex.o(i.__NVIC_SetPriority)
    i._is_digit                              0x080036fe   Section        0  __printf_wp.o(i._is_digit)
    i._sys_exit                              0x0800370c   Section        0  usart.o(i._sys_exit)
    i.ds18b20_check                          0x08003710   Section        0  ds18b20.o(i.ds18b20_check)
    i.ds18b20_get_temperature                0x0800376c   Section        0  ds18b20.o(i.ds18b20_get_temperature)
    i.ds18b20_init                           0x080037e8   Section        0  ds18b20.o(i.ds18b20_init)
    i.ds18b20_read_byte                      0x08003814   Section        0  ds18b20.o(i.ds18b20_read_byte)
    ds18b20_read_byte                        0x08003815   Thumb Code    88  ds18b20.o(i.ds18b20_read_byte)
    i.ds18b20_reset                          0x08003870   Section        0  ds18b20.o(i.ds18b20_reset)
    ds18b20_reset                            0x08003871   Thumb Code    46  ds18b20.o(i.ds18b20_reset)
    i.ds18b20_write_byte                     0x080038a4   Section        0  ds18b20.o(i.ds18b20_write_byte)
    ds18b20_write_byte                       0x080038a5   Thumb Code    88  ds18b20.o(i.ds18b20_write_byte)
    i.lcd1602_init                           0x08003900   Section        0  lcd1602.o(i.lcd1602_init)
    i.lcd1602_show_string                    0x080039b0   Section        0  lcd1602.o(i.lcd1602_show_string)
    i.lcd1602_user_char                      0x08003a1c   Section        0  lcd1602.o(i.lcd1602_user_char)
    i.lcd1602_write_4digitValue              0x08003ae4   Section        0  lcd1602.o(i.lcd1602_write_4digitValue)
    i.lcd1602_write_cmd                      0x08003b3c   Section        0  lcd1602.o(i.lcd1602_write_cmd)
    i.lcd1602_write_data                     0x08003bac   Section        0  lcd1602.o(i.lcd1602_write_data)
    i.main                                   0x08003c1c   Section        0  main.o(i.main)
    i.map                                    0x08004106   Section        0  main.o(i.map)
    locale$$code                             0x08004124   Section       44  lc_numeric_c.o(locale$$code)
    x$fpl$ddiv                               0x08004150   Section      688  ddiv.o(x$fpl$ddiv)
    ddiv_entry                               0x08004157   Thumb Code     0  ddiv.o(x$fpl$ddiv)
    x$fpl$dfix                               0x08004400   Section       94  dfix.o(x$fpl$dfix)
    x$fpl$dflt                               0x0800445e   Section       46  dflt_clz.o(x$fpl$dflt)
    x$fpl$dfltu                              0x0800448c   Section       38  dflt_clz.o(x$fpl$dfltu)
    x$fpl$dmul                               0x080044b4   Section      340  dmul.o(x$fpl$dmul)
    x$fpl$dnaninf                            0x08004608   Section      156  dnaninf.o(x$fpl$dnaninf)
    x$fpl$dretinf                            0x080046a4   Section       12  dretinf.o(x$fpl$dretinf)
    x$fpl$printf1                            0x080046b0   Section        4  printf1.o(x$fpl$printf1)
    .constdata                               0x080046b4   Section       18  stm32f1xx_hal_rcc.o(.constdata)
    x$fpl$usenofp                            0x080046b4   Section        0  usenofp.o(x$fpl$usenofp)
    aPredivFactorTable                       0x080046b4   Data           2  stm32f1xx_hal_rcc.o(.constdata)
    aPLLMULFactorTable                       0x080046b6   Data          16  stm32f1xx_hal_rcc.o(.constdata)
    .constdata                               0x080046c6   Section       18  stm32f1xx_hal_rcc_ex.o(.constdata)
    aPredivFactorTable                       0x080046c6   Data           2  stm32f1xx_hal_rcc_ex.o(.constdata)
    aPLLMULFactorTable                       0x080046c8   Data          16  stm32f1xx_hal_rcc_ex.o(.constdata)
    .constdata                               0x080046d8   Section       16  system_stm32f1xx.o(.constdata)
    .constdata                               0x080046e8   Section        8  system_stm32f1xx.o(.constdata)
    .constdata                               0x080046f0   Section       17  __printf_flags_wp.o(.constdata)
    maptable                                 0x080046f0   Data          17  __printf_flags_wp.o(.constdata)
    .constdata                               0x08004704   Section      148  bigflt0.o(.constdata)
    tenpwrs_x                                0x08004704   Data          60  bigflt0.o(.constdata)
    tenpwrs_i                                0x08004740   Data          64  bigflt0.o(.constdata)
    locale$$data                             0x080047b8   Section       28  lc_numeric_c.o(locale$$data)
    __lcnum_c_name                           0x080047bc   Data           2  lc_numeric_c.o(locale$$data)
    __lcnum_c_start                          0x080047c4   Data           0  lc_numeric_c.o(locale$$data)
    __lcnum_c_point                          0x080047d0   Data           0  lc_numeric_c.o(locale$$data)
    __lcnum_c_thousands                      0x080047d2   Data           0  lc_numeric_c.o(locale$$data)
    __lcnum_c_grouping                       0x080047d3   Data           0  lc_numeric_c.o(locale$$data)
    __lcnum_c_end                            0x080047d4   Data           0  lc_numeric_c.o(locale$$data)
    .data                                    0x20000000   Section       24  main.o(.data)
    .data                                    0x20000018   Section        4  beep.o(.data)
    gapTimer                                 0x20000018   Data           4  beep.o(.data)
    .data                                    0x2000001c   Section        8  gpio_output.o(.data)
    gapTimer                                 0x20000020   Data           4  gpio_output.o(.data)
    .data                                    0x20000024   Section        1  key.o(.data)
    keyUpFlag                                0x20000024   Data           1  key.o(.data)
    .data                                    0x20000028   Section       12  stm32f1xx_hal.o(.data)
    .data                                    0x20000034   Section        4  system_stm32f1xx.o(.data)
    .bss                                     0x20000038   Section       64  main.o(.bss)
    .bss                                     0x20000078   Section       48  adc.o(.bss)
    .bss                                     0x200000a8   Section       72  tim.o(.bss)
    .bss                                     0x200000f0   Section      144  usart.o(.bss)
    .bss                                     0x20000180   Section       40  flash.o(.bss)
    .bss                                     0x200001a8   Section       32  stm32f1xx_hal_flash.o(.bss)
    .bss                                     0x200001c8   Section       96  libspace.o(.bss)
    HEAP                                     0x20000228   Section      512  startup_stm32f103xb.o(HEAP)
    Heap_Mem                                 0x20000228   Data         512  startup_stm32f103xb.o(HEAP)
    STACK                                    0x20000428   Section     1024  startup_stm32f103xb.o(STACK)
    Stack_Mem                                0x20000428   Data        1024  startup_stm32f103xb.o(STACK)
    __initial_sp                             0x20000828   Data           0  startup_stm32f103xb.o(STACK)

    Global Symbols

    Symbol Name                              Value     Ov Type        Size  Object(Section)

    BuildAttributes$$THM_ISAv4$P$D$K$B$S$PE$A:L22UL41UL21$X:L11$S22US41US21$IEEE1$IW$USESV6$~STKCKD$USESV7$~SHL$OTIME$ROPI$IEEEJ$EBA8$UX$STANDARDLIB$REQ8$PRES8$EABIv2 0x00000000   Number         0  anon$$obj.o ABSOLUTE
    __ARM_use_no_argv                        0x00000000   Number         0  main.o ABSOLUTE
    _printf_flags                            0x00000000   Number         0  printf_stubs.o ABSOLUTE
    _printf_return_value                     0x00000000   Number         0  printf_stubs.o ABSOLUTE
    _printf_sizespec                         0x00000000   Number         0  printf_stubs.o ABSOLUTE
    _printf_widthprec                        0x00000000   Number         0  printf_stubs.o ABSOLUTE
    __ARM_exceptions_init                     - Undefined Weak Reference
    __alloca_initialize                       - Undefined Weak Reference
    __arm_fini_                               - Undefined Weak Reference
    __arm_preinit_                            - Undefined Weak Reference
    __cpp_initialize__aeabi_                  - Undefined Weak Reference
    __cxa_finalize                            - Undefined Weak Reference
    __sigvec_lookup                           - Undefined Weak Reference
    _atexit_init                              - Undefined Weak Reference
    _call_atexit_fns                          - Undefined Weak Reference
    _clock_init                               - Undefined Weak Reference
    _fp_trap_init                             - Undefined Weak Reference
    _fp_trap_shutdown                         - Undefined Weak Reference
    _get_lc_collate                           - Undefined Weak Reference
    _get_lc_ctype                             - Undefined Weak Reference
    _get_lc_monetary                          - Undefined Weak Reference
    _get_lc_time                              - Undefined Weak Reference
    _getenv_init                              - Undefined Weak Reference
    _handle_redirection                       - Undefined Weak Reference
    _init_alloc                               - Undefined Weak Reference
    _init_user_alloc                          - Undefined Weak Reference
    _initio                                   - Undefined Weak Reference
    _printf_truncate_signed                   - Undefined Weak Reference
    _printf_truncate_unsigned                 - Undefined Weak Reference
    _rand_init                                - Undefined Weak Reference
    _signal_finish                            - Undefined Weak Reference
    _signal_init                              - Undefined Weak Reference
    _terminate_alloc                          - Undefined Weak Reference
    _terminate_user_alloc                     - Undefined Weak Reference
    _terminateio                              - Undefined Weak Reference
    __Vectors_Size                           0x000000ec   Number         0  startup_stm32f103xb.o ABSOLUTE
    __Vectors                                0x08000000   Data           4  startup_stm32f103xb.o(RESET)
    __Vectors_End                            0x080000ec   Data           0  startup_stm32f103xb.o(RESET)
    __main                                   0x080000ed   Thumb Code     8  __main.o(!!!main)
    __scatterload                            0x080000f5   Thumb Code     0  __scatter.o(!!!scatter)
    __scatterload_rt2                        0x080000f5   Thumb Code    44  __scatter.o(!!!scatter)
    __scatterload_rt2_thumb_only             0x080000f5   Thumb Code     0  __scatter.o(!!!scatter)
    __scatterload_null                       0x08000103   Thumb Code     0  __scatter.o(!!!scatter)
    __scatterload_copy                       0x08000129   Thumb Code    26  __scatter_copy.o(!!handler_copy)
    __scatterload_zeroinit                   0x08000145   Thumb Code    28  __scatter_zi.o(!!handler_zi)
    _printf_f                                0x08000161   Thumb Code     0  _printf_f.o(.ARM.Collect$$_printf_percent$$00000003)
    _printf_percent                          0x08000161   Thumb Code     0  _printf_percent.o(.ARM.Collect$$_printf_percent$$00000000)
    _printf_d                                0x08000167   Thumb Code     0  _printf_d.o(.ARM.Collect$$_printf_percent$$00000009)
    _printf_percent_end                      0x0800016d   Thumb Code     0  _printf_percent_end.o(.ARM.Collect$$_printf_percent$$00000017)
    __rt_lib_init                            0x08000171   Thumb Code     0  libinit.o(.ARM.Collect$$libinit$$00000000)
    __rt_lib_init_fp_1                       0x08000173   Thumb Code     0  libinit2.o(.ARM.Collect$$libinit$$00000002)
    __rt_lib_init_heap_1                     0x08000173   Thumb Code     0  libinit2.o(.ARM.Collect$$libinit$$0000000A)
    __rt_lib_init_lc_common                  0x08000173   Thumb Code     0  libinit2.o(.ARM.Collect$$libinit$$0000000F)
    __rt_lib_init_preinit_1                  0x08000173   Thumb Code     0  libinit2.o(.ARM.Collect$$libinit$$00000004)
    __rt_lib_init_rand_1                     0x08000173   Thumb Code     0  libinit2.o(.ARM.Collect$$libinit$$0000000E)
    __rt_lib_init_user_alloc_1               0x08000173   Thumb Code     0  libinit2.o(.ARM.Collect$$libinit$$0000000C)
    __rt_lib_init_lc_collate_1               0x08000179   Thumb Code     0  libinit2.o(.ARM.Collect$$libinit$$00000011)
    __rt_lib_init_lc_ctype_1                 0x08000179   Thumb Code     0  libinit2.o(.ARM.Collect$$libinit$$00000013)
    __rt_lib_init_lc_monetary_1              0x08000179   Thumb Code     0  libinit2.o(.ARM.Collect$$libinit$$00000015)
    __rt_lib_init_lc_numeric_2               0x08000179   Thumb Code     0  libinit2.o(.ARM.Collect$$libinit$$00000016)
    __rt_lib_init_alloca_1                   0x08000183   Thumb Code     0  libinit2.o(.ARM.Collect$$libinit$$0000002E)
    __rt_lib_init_argv_1                     0x08000183   Thumb Code     0  libinit2.o(.ARM.Collect$$libinit$$0000002C)
    __rt_lib_init_atexit_1                   0x08000183   Thumb Code     0  libinit2.o(.ARM.Collect$$libinit$$0000001B)
    __rt_lib_init_clock_1                    0x08000183   Thumb Code     0  libinit2.o(.ARM.Collect$$libinit$$00000021)
    __rt_lib_init_cpp_1                      0x08000183   Thumb Code     0  libinit2.o(.ARM.Collect$$libinit$$00000032)
    __rt_lib_init_exceptions_1               0x08000183   Thumb Code     0  libinit2.o(.ARM.Collect$$libinit$$00000030)
    __rt_lib_init_fp_trap_1                  0x08000183   Thumb Code     0  libinit2.o(.ARM.Collect$$libinit$$0000001F)
    __rt_lib_init_getenv_1                   0x08000183   Thumb Code     0  libinit2.o(.ARM.Collect$$libinit$$00000023)
    __rt_lib_init_lc_numeric_1               0x08000183   Thumb Code     0  libinit2.o(.ARM.Collect$$libinit$$00000017)
    __rt_lib_init_lc_time_1                  0x08000183   Thumb Code     0  libinit2.o(.ARM.Collect$$libinit$$00000019)
    __rt_lib_init_return                     0x08000183   Thumb Code     0  libinit2.o(.ARM.Collect$$libinit$$00000033)
    __rt_lib_init_signal_1                   0x08000183   Thumb Code     0  libinit2.o(.ARM.Collect$$libinit$$0000001D)
    __rt_lib_init_stdio_1                    0x08000183   Thumb Code     0  libinit2.o(.ARM.Collect$$libinit$$00000025)
    __rt_lib_shutdown                        0x08000185   Thumb Code     0  libshutdown.o(.ARM.Collect$$libshutdown$$00000000)
    __rt_lib_shutdown_cpp_1                  0x08000187   Thumb Code     0  libshutdown2.o(.ARM.Collect$$libshutdown$$00000004)
    __rt_lib_shutdown_fini_1                 0x08000187   Thumb Code     0  libshutdown2.o(.ARM.Collect$$libshutdown$$00000002)
    __rt_lib_shutdown_fp_trap_1              0x08000187   Thumb Code     0  libshutdown2.o(.ARM.Collect$$libshutdown$$00000009)
    __rt_lib_shutdown_heap_1                 0x08000187   Thumb Code     0  libshutdown2.o(.ARM.Collect$$libshutdown$$00000011)
    __rt_lib_shutdown_return                 0x08000187   Thumb Code     0  libshutdown2.o(.ARM.Collect$$libshutdown$$00000012)
    __rt_lib_shutdown_signal_1               0x08000187   Thumb Code     0  libshutdown2.o(.ARM.Collect$$libshutdown$$0000000C)
    __rt_lib_shutdown_stdio_1                0x08000187   Thumb Code     0  libshutdown2.o(.ARM.Collect$$libshutdown$$00000006)
    __rt_lib_shutdown_user_alloc_1           0x08000187   Thumb Code     0  libshutdown2.o(.ARM.Collect$$libshutdown$$0000000E)
    __rt_entry                               0x08000189   Thumb Code     0  __rtentry.o(.ARM.Collect$$rtentry$$00000000)
    __rt_entry_presh_1                       0x08000189   Thumb Code     0  __rtentry2.o(.ARM.Collect$$rtentry$$00000002)
    __rt_entry_sh                            0x08000189   Thumb Code     0  __rtentry4.o(.ARM.Collect$$rtentry$$00000004)
    __rt_entry_li                            0x0800018f   Thumb Code     0  __rtentry2.o(.ARM.Collect$$rtentry$$0000000A)
    __rt_entry_postsh_1                      0x0800018f   Thumb Code     0  __rtentry2.o(.ARM.Collect$$rtentry$$00000009)
    __rt_entry_main                          0x08000193   Thumb Code     0  __rtentry2.o(.ARM.Collect$$rtentry$$0000000D)
    __rt_entry_postli_1                      0x08000193   Thumb Code     0  __rtentry2.o(.ARM.Collect$$rtentry$$0000000C)
    __rt_exit                                0x0800019b   Thumb Code     0  rtexit.o(.ARM.Collect$$rtexit$$00000000)
    __rt_exit_ls                             0x0800019d   Thumb Code     0  rtexit2.o(.ARM.Collect$$rtexit$$00000003)
    __rt_exit_prels_1                        0x0800019d   Thumb Code     0  rtexit2.o(.ARM.Collect$$rtexit$$00000002)
    __rt_exit_exit                           0x080001a1   Thumb Code     0  rtexit2.o(.ARM.Collect$$rtexit$$00000004)
    Reset_Handler                            0x080001a9   Thumb Code     8  startup_stm32f103xb.o(.text)
    ADC1_2_IRQHandler                        0x080001c3   Thumb Code     0  startup_stm32f103xb.o(.text)
    CAN1_RX1_IRQHandler                      0x080001c3   Thumb Code     0  startup_stm32f103xb.o(.text)
    CAN1_SCE_IRQHandler                      0x080001c3   Thumb Code     0  startup_stm32f103xb.o(.text)
    DMA1_Channel1_IRQHandler                 0x080001c3   Thumb Code     0  startup_stm32f103xb.o(.text)
    DMA1_Channel2_IRQHandler                 0x080001c3   Thumb Code     0  startup_stm32f103xb.o(.text)
    DMA1_Channel3_IRQHandler                 0x080001c3   Thumb Code     0  startup_stm32f103xb.o(.text)
    DMA1_Channel4_IRQHandler                 0x080001c3   Thumb Code     0  startup_stm32f103xb.o(.text)
    DMA1_Channel5_IRQHandler                 0x080001c3   Thumb Code     0  startup_stm32f103xb.o(.text)
    DMA1_Channel6_IRQHandler                 0x080001c3   Thumb Code     0  startup_stm32f103xb.o(.text)
    DMA1_Channel7_IRQHandler                 0x080001c3   Thumb Code     0  startup_stm32f103xb.o(.text)
    EXTI0_IRQHandler                         0x080001c3   Thumb Code     0  startup_stm32f103xb.o(.text)
    EXTI15_10_IRQHandler                     0x080001c3   Thumb Code     0  startup_stm32f103xb.o(.text)
    EXTI1_IRQHandler                         0x080001c3   Thumb Code     0  startup_stm32f103xb.o(.text)
    EXTI2_IRQHandler                         0x080001c3   Thumb Code     0  startup_stm32f103xb.o(.text)
    EXTI3_IRQHandler                         0x080001c3   Thumb Code     0  startup_stm32f103xb.o(.text)
    EXTI4_IRQHandler                         0x080001c3   Thumb Code     0  startup_stm32f103xb.o(.text)
    EXTI9_5_IRQHandler                       0x080001c3   Thumb Code     0  startup_stm32f103xb.o(.text)
    FLASH_IRQHandler                         0x080001c3   Thumb Code     0  startup_stm32f103xb.o(.text)
    I2C1_ER_IRQHandler                       0x080001c3   Thumb Code     0  startup_stm32f103xb.o(.text)
    I2C1_EV_IRQHandler                       0x080001c3   Thumb Code     0  startup_stm32f103xb.o(.text)
    I2C2_ER_IRQHandler                       0x080001c3   Thumb Code     0  startup_stm32f103xb.o(.text)
    I2C2_EV_IRQHandler                       0x080001c3   Thumb Code     0  startup_stm32f103xb.o(.text)
    PVD_IRQHandler                           0x080001c3   Thumb Code     0  startup_stm32f103xb.o(.text)
    RCC_IRQHandler                           0x080001c3   Thumb Code     0  startup_stm32f103xb.o(.text)
    RTC_Alarm_IRQHandler                     0x080001c3   Thumb Code     0  startup_stm32f103xb.o(.text)
    RTC_IRQHandler                           0x080001c3   Thumb Code     0  startup_stm32f103xb.o(.text)
    SPI1_IRQHandler                          0x080001c3   Thumb Code     0  startup_stm32f103xb.o(.text)
    SPI2_IRQHandler                          0x080001c3   Thumb Code     0  startup_stm32f103xb.o(.text)
    TAMPER_IRQHandler                        0x080001c3   Thumb Code     0  startup_stm32f103xb.o(.text)
    TIM1_BRK_IRQHandler                      0x080001c3   Thumb Code     0  startup_stm32f103xb.o(.text)
    TIM1_CC_IRQHandler                       0x080001c3   Thumb Code     0  startup_stm32f103xb.o(.text)
    TIM1_TRG_COM_IRQHandler                  0x080001c3   Thumb Code     0  startup_stm32f103xb.o(.text)
    TIM1_UP_IRQHandler                       0x080001c3   Thumb Code     0  startup_stm32f103xb.o(.text)
    TIM2_IRQHandler                          0x080001c3   Thumb Code     0  startup_stm32f103xb.o(.text)
    TIM3_IRQHandler                          0x080001c3   Thumb Code     0  startup_stm32f103xb.o(.text)
    USART2_IRQHandler                        0x080001c3   Thumb Code     0  startup_stm32f103xb.o(.text)
    USBWakeUp_IRQHandler                     0x080001c3   Thumb Code     0  startup_stm32f103xb.o(.text)
    USB_HP_CAN1_TX_IRQHandler                0x080001c3   Thumb Code     0  startup_stm32f103xb.o(.text)
    USB_LP_CAN1_RX0_IRQHandler               0x080001c3   Thumb Code     0  startup_stm32f103xb.o(.text)
    WWDG_IRQHandler                          0x080001c3   Thumb Code     0  startup_stm32f103xb.o(.text)
    __user_initial_stackheap                 0x080001c5   Thumb Code     0  startup_stm32f103xb.o(.text)
    __use_no_semihosting                     0x080001e9   Thumb Code     2  use_no_semi_2.o(.text)
    __aeabi_llsr                             0x080001eb   Thumb Code     0  llushr.o(.text)
    _ll_ushift_r                             0x080001eb   Thumb Code    38  llushr.o(.text)
    __2sprintf                               0x08000211   Thumb Code    34  noretval__2sprintf.o(.text)
    _printf_pre_padding                      0x08000239   Thumb Code    44  _printf_pad.o(.text)
    _printf_post_padding                     0x08000265   Thumb Code    34  _printf_pad.o(.text)
    _printf_int_dec                          0x08000289   Thumb Code   104  _printf_dec.o(.text)
    __printf                                 0x08000301   Thumb Code   308  __printf_flags_wp.o(.text)
    __aeabi_memclr4                          0x08000439   Thumb Code     0  rt_memclr_w.o(.text)
    __aeabi_memclr8                          0x08000439   Thumb Code     0  rt_memclr_w.o(.text)
    __rt_memclr_w                            0x08000439   Thumb Code    78  rt_memclr_w.o(.text)
    _memset_w                                0x0800043d   Thumb Code     0  rt_memclr_w.o(.text)
    __use_two_region_memory                  0x08000487   Thumb Code     2  heapauxi.o(.text)
    __rt_heap_escrow$2region                 0x08000489   Thumb Code     2  heapauxi.o(.text)
    __rt_heap_expand$2region                 0x0800048b   Thumb Code     2  heapauxi.o(.text)
    __I$use$semihosting                      0x0800048d   Thumb Code     0  use_no_semi.o(.text)
    __use_no_semihosting_swi                 0x0800048d   Thumb Code     2  use_no_semi.o(.text)
    _printf_int_common                       0x0800048f   Thumb Code   178  _printf_intcommon.o(.text)
    __lib_sel_fp_printf                      0x08000541   Thumb Code     2  _printf_fp_dec.o(.text)
    _printf_fp_dec_real                      0x080006f3   Thumb Code   620  _printf_fp_dec.o(.text)
    _printf_char_common                      0x0800096b   Thumb Code    32  _printf_char_common.o(.text)
    _sputc                                   0x08000991   Thumb Code    10  _sputc.o(.text)
    __rt_locale                              0x0800099d   Thumb Code     8  rt_locale_intlibspace.o(.text)
    _ll_udiv10                               0x080009a5   Thumb Code   138  lludiv10.o(.text)
    _printf_fp_infnan                        0x08000a31   Thumb Code   112  _printf_fp_infnan.o(.text)
    _btod_etento                             0x08000ab1   Thumb Code   224  bigflt0.o(.text)
    __user_libspace                          0x08000b95   Thumb Code     8  libspace.o(.text)
    __user_perproc_libspace                  0x08000b95   Thumb Code     0  libspace.o(.text)
    __user_perthread_libspace                0x08000b95   Thumb Code     0  libspace.o(.text)
    __user_setup_stackheap                   0x08000b9d   Thumb Code    74  sys_stackheap_outer.o(.text)
    exit                                     0x08000be7   Thumb Code    18  exit.o(.text)
    strcmp                                   0x08000bf9   Thumb Code   128  strcmpv7m.o(.text)
    _btod_d2e                                0x08000c79   Thumb Code    62  btod.o(CL$$btod_d2e)
    _d2e_denorm_low                          0x08000cb7   Thumb Code    70  btod.o(CL$$btod_d2e_denorm_low)
    _d2e_norm_op1                            0x08000cfd   Thumb Code    96  btod.o(CL$$btod_d2e_norm_op1)
    __btod_div_common                        0x08000d5d   Thumb Code   696  btod.o(CL$$btod_div_common)
    _e2e                                     0x08001095   Thumb Code   220  btod.o(CL$$btod_e2e)
    _btod_ediv                               0x08001171   Thumb Code    42  btod.o(CL$$btod_ediv)
    _btod_emul                               0x0800119b   Thumb Code    42  btod.o(CL$$btod_emul)
    __btod_mult_common                       0x080011c5   Thumb Code   580  btod.o(CL$$btod_mult_common)
    ADC_ConversionStop_Disable               0x08001409   Thumb Code    86  stm32f1xx_hal_adc.o(i.ADC_ConversionStop_Disable)
    ADC_Enable                               0x08001461   Thumb Code   114  stm32f1xx_hal_adc.o(i.ADC_Enable)
    Beep_Control                             0x080014dd   Thumb Code    20  beep.o(i.Beep_Control)
    Beep_GapControl                          0x080014f5   Thumb Code    50  beep.o(i.Beep_GapControl)
    Beep_Init                                0x08001531   Thumb Code    42  beep.o(i.Beep_Init)
    BusFault_Handler                         0x08001561   Thumb Code     2  stm32f1xx_it.o(i.BusFault_Handler)
    Close                                    0x08001565   Thumb Code    44  main.o(i.Close)
    DebugMon_Handler                         0x08001595   Thumb Code     2  stm32f1xx_it.o(i.DebugMon_Handler)
    Delay_Ms                                 0x08001597   Thumb Code     4  delay.o(i.Delay_Ms)
    Delay_Us                                 0x0800159d   Thumb Code    22  delay.o(i.Delay_Us)
    Error_Handler                            0x080015b9   Thumb Code     4  main.o(i.Error_Handler)
    FLASH_PageErase                          0x080015e1   Thumb Code    28  stm32f1xx_hal_flash_ex.o(i.FLASH_PageErase)
    FLASH_WaitForLastOperation               0x0800167d   Thumb Code    80  stm32f1xx_hal_flash.o(i.FLASH_WaitForLastOperation)
    Flash_Init                               0x080016d1   Thumb Code     4  flash.o(i.Flash_Init)
    Flash_ReadValue                          0x080016d5   Thumb Code     8  flash.o(i.Flash_ReadValue)
    Flash_SaveValue                          0x080016e1   Thumb Code    10  flash.o(i.Flash_SaveValue)
    GetAdValue                               0x080016f1   Thumb Code   102  main.o(i.GetAdValue)
    GpioOutput_Control                       0x08001761   Thumb Code    76  gpio_output.o(i.GpioOutput_Control)
    GpioOutput_Init                          0x080017b5   Thumb Code   112  gpio_output.o(i.GpioOutput_Init)
    GpioOutput_NumbetrControl                0x0800182d   Thumb Code    14  gpio_output.o(i.GpioOutput_NumbetrControl)
    HAL_ADC_ConfigChannel                    0x08001841   Thumb Code   240  stm32f1xx_hal_adc.o(i.HAL_ADC_ConfigChannel)
    HAL_ADC_GetState                         0x0800193d   Thumb Code     4  stm32f1xx_hal_adc.o(i.HAL_ADC_GetState)
    HAL_ADC_GetValue                         0x08001941   Thumb Code     6  stm32f1xx_hal_adc.o(i.HAL_ADC_GetValue)
    HAL_ADC_Init                             0x08001949   Thumb Code   272  stm32f1xx_hal_adc.o(i.HAL_ADC_Init)
    HAL_ADC_MspInit                          0x08001a65   Thumb Code    74  adc.o(i.HAL_ADC_MspInit)
    HAL_ADC_PollForConversion                0x08001abd   Thumb Code   304  stm32f1xx_hal_adc.o(i.HAL_ADC_PollForConversion)
    HAL_ADC_Start                            0x08001bf9   Thumb Code   184  stm32f1xx_hal_adc.o(i.HAL_ADC_Start)
    HAL_DMA_Abort                            0x08001cb9   Thumb Code    70  stm32f1xx_hal_dma.o(i.HAL_DMA_Abort)
    HAL_DMA_Abort_IT                         0x08001d01   Thumb Code   148  stm32f1xx_hal_dma.o(i.HAL_DMA_Abort_IT)
    HAL_Delay                                0x08001d99   Thumb Code    32  stm32f1xx_hal.o(i.HAL_Delay)
    HAL_FLASHEx_Erase                        0x08001dbd   Thumb Code   160  stm32f1xx_hal_flash_ex.o(i.HAL_FLASHEx_Erase)
    HAL_FLASH_Lock                           0x08001e65   Thumb Code    14  stm32f1xx_hal_flash.o(i.HAL_FLASH_Lock)
    HAL_FLASH_Program                        0x08001e79   Thumb Code   120  stm32f1xx_hal_flash.o(i.HAL_FLASH_Program)
    HAL_FLASH_Unlock                         0x08001ef9   Thumb Code    28  stm32f1xx_hal_flash.o(i.HAL_FLASH_Unlock)
    HAL_GPIO_Init                            0x08001f21   Thumb Code   446  stm32f1xx_hal_gpio.o(i.HAL_GPIO_Init)
    HAL_GPIO_ReadPin                         0x08002101   Thumb Code    10  stm32f1xx_hal_gpio.o(i.HAL_GPIO_ReadPin)
    HAL_GPIO_WritePin                        0x0800210b   Thumb Code    10  stm32f1xx_hal_gpio.o(i.HAL_GPIO_WritePin)
    HAL_GetTick                              0x08002115   Thumb Code     6  stm32f1xx_hal.o(i.HAL_GetTick)
    HAL_IncTick                              0x08002121   Thumb Code    12  stm32f1xx_hal.o(i.HAL_IncTick)
    HAL_Init                                 0x08002131   Thumb Code    32  stm32f1xx_hal.o(i.HAL_Init)
    HAL_InitTick                             0x08002155   Thumb Code    54  stm32f1xx_hal.o(i.HAL_InitTick)
    HAL_MspInit                              0x08002195   Thumb Code    38  stm32f1xx_hal_msp.o(i.HAL_MspInit)
    HAL_NVIC_EnableIRQ                       0x080021c1   Thumb Code    26  stm32f1xx_hal_cortex.o(i.HAL_NVIC_EnableIRQ)
    HAL_NVIC_SetPriority                     0x080021dd   Thumb Code    60  stm32f1xx_hal_cortex.o(i.HAL_NVIC_SetPriority)
    HAL_NVIC_SetPriorityGrouping             0x0800221d   Thumb Code    26  stm32f1xx_hal_cortex.o(i.HAL_NVIC_SetPriorityGrouping)
    HAL_RCCEx_GetPeriphCLKFreq               0x08002241   Thumb Code   148  stm32f1xx_hal_rcc_ex.o(i.HAL_RCCEx_GetPeriphCLKFreq)
    HAL_RCCEx_PeriphCLKConfig                0x080022e5   Thumb Code   224  stm32f1xx_hal_rcc_ex.o(i.HAL_RCCEx_PeriphCLKConfig)
    HAL_RCC_ClockConfig                      0x080023d1   Thumb Code   280  stm32f1xx_hal_rcc.o(i.HAL_RCC_ClockConfig)
    HAL_RCC_GetHCLKFreq                      0x080024fd   Thumb Code     6  stm32f1xx_hal_rcc.o(i.HAL_RCC_GetHCLKFreq)
    HAL_RCC_GetPCLK1Freq                     0x08002509   Thumb Code    20  stm32f1xx_hal_rcc.o(i.HAL_RCC_GetPCLK1Freq)
    HAL_RCC_GetPCLK2Freq                     0x08002529   Thumb Code    20  stm32f1xx_hal_rcc.o(i.HAL_RCC_GetPCLK2Freq)
    HAL_RCC_GetSysClockFreq                  0x08002549   Thumb Code    58  stm32f1xx_hal_rcc.o(i.HAL_RCC_GetSysClockFreq)
    HAL_RCC_OscConfig                        0x08002595   Thumb Code   778  stm32f1xx_hal_rcc.o(i.HAL_RCC_OscConfig)
    HAL_SYSTICK_Config                       0x080028b5   Thumb Code    40  stm32f1xx_hal_cortex.o(i.HAL_SYSTICK_Config)
    HAL_TIMEx_BreakCallback                  0x080028dd   Thumb Code     2  stm32f1xx_hal_tim_ex.o(i.HAL_TIMEx_BreakCallback)
    HAL_TIMEx_CommutCallback                 0x080028df   Thumb Code     2  stm32f1xx_hal_tim_ex.o(i.HAL_TIMEx_CommutCallback)
    HAL_TIMEx_MasterConfigSynchronization    0x080028e1   Thumb Code    92  stm32f1xx_hal_tim_ex.o(i.HAL_TIMEx_MasterConfigSynchronization)
    HAL_TIM_Base_Init                        0x08002949   Thumb Code    90  stm32f1xx_hal_tim.o(i.HAL_TIM_Base_Init)
    HAL_TIM_Base_MspInit                     0x080029a5   Thumb Code    50  tim.o(i.HAL_TIM_Base_MspInit)
    HAL_TIM_ConfigClockSource                0x080029e1   Thumb Code   220  stm32f1xx_hal_tim.o(i.HAL_TIM_ConfigClockSource)
    HAL_TIM_IC_CaptureCallback               0x08002abd   Thumb Code     2  stm32f1xx_hal_tim.o(i.HAL_TIM_IC_CaptureCallback)
    HAL_TIM_IRQHandler                       0x08002abf   Thumb Code   358  stm32f1xx_hal_tim.o(i.HAL_TIM_IRQHandler)
    HAL_TIM_OC_DelayElapsedCallback          0x08002c25   Thumb Code     2  stm32f1xx_hal_tim.o(i.HAL_TIM_OC_DelayElapsedCallback)
    HAL_TIM_PWM_PulseFinishedCallback        0x08002c27   Thumb Code     2  stm32f1xx_hal_tim.o(i.HAL_TIM_PWM_PulseFinishedCallback)
    HAL_TIM_PeriodElapsedCallback            0x08002c29   Thumb Code     2  stm32f1xx_hal_tim.o(i.HAL_TIM_PeriodElapsedCallback)
    HAL_TIM_TriggerCallback                  0x08002c2b   Thumb Code     2  stm32f1xx_hal_tim.o(i.HAL_TIM_TriggerCallback)
    HAL_UARTEx_RxEventCallback               0x08002c2d   Thumb Code     2  stm32f1xx_hal_uart.o(i.HAL_UARTEx_RxEventCallback)
    HAL_UART_ErrorCallback                   0x08002c2f   Thumb Code     2  stm32f1xx_hal_uart.o(i.HAL_UART_ErrorCallback)
    HAL_UART_IRQHandler                      0x08002c31   Thumb Code   616  stm32f1xx_hal_uart.o(i.HAL_UART_IRQHandler)
    HAL_UART_Init                            0x08002e9d   Thumb Code   100  stm32f1xx_hal_uart.o(i.HAL_UART_Init)
    HAL_UART_MspInit                         0x08002f01   Thumb Code   198  usart.o(i.HAL_UART_MspInit)
    HAL_UART_RxCpltCallback                  0x08002fdd   Thumb Code     2  stm32f1xx_hal_uart.o(i.HAL_UART_RxCpltCallback)
    HAL_UART_TxCpltCallback                  0x08002fdf   Thumb Code     2  stm32f1xx_hal_uart.o(i.HAL_UART_TxCpltCallback)
    HardFault_Handler                        0x08002fe1   Thumb Code     2  stm32f1xx_it.o(i.HardFault_Handler)
    Key_Init                                 0x08002fe5   Thumb Code    72  key.o(i.Key_Init)
    Key_Scan                                 0x08003031   Thumb Code   202  key.o(i.Key_Scan)
    MX_ADC1_Init                             0x08003105   Thumb Code    94  adc.o(i.MX_ADC1_Init)
    MX_GPIO_Init                             0x0800316d   Thumb Code    54  gpio.o(i.MX_GPIO_Init)
    MX_TIM4_Init                             0x080031a9   Thumb Code    94  tim.o(i.MX_TIM4_Init)
    MX_USART1_UART_Init                      0x08003211   Thumb Code    48  usart.o(i.MX_USART1_UART_Init)
    MX_USART3_UART_Init                      0x08003249   Thumb Code    48  usart.o(i.MX_USART3_UART_Init)
    Main_GPIO_OpenAll_RCC_CLK                0x08003281   Thumb Code    70  main.o(i.Main_GPIO_OpenAll_RCC_CLK)
    MemManage_Handler                        0x080032cd   Thumb Code     2  stm32f1xx_it.o(i.MemManage_Handler)
    NMI_Handler                              0x080032cf   Thumb Code     2  stm32f1xx_it.o(i.NMI_Handler)
    PendSV_Handler                           0x080032d1   Thumb Code     2  stm32f1xx_it.o(i.PendSV_Handler)
    Private_Flash_ReadValue                  0x080032d5   Thumb Code    40  flash.o(i.Private_Flash_ReadValue)
    Private_Flash_SaveValue                  0x08003305   Thumb Code    84  flash.o(i.Private_Flash_SaveValue)
    SVC_Handler                              0x08003361   Thumb Code     2  stm32f1xx_it.o(i.SVC_Handler)
    SysTick_Handler                          0x08003363   Thumb Code     4  stm32f1xx_it.o(i.SysTick_Handler)
    SystemClock_Config                       0x08003367   Thumb Code   120  main.o(i.SystemClock_Config)
    SystemInit                               0x080033df   Thumb Code     2  system_stm32f1xx.o(i.SystemInit)
    TIM4_IRQHandler                          0x080033e1   Thumb Code     6  stm32f1xx_it.o(i.TIM4_IRQHandler)
    TIM_Base_SetConfig                       0x080033ed   Thumb Code    94  stm32f1xx_hal_tim.o(i.TIM_Base_SetConfig)
    TIM_ETR_SetConfig                        0x08003459   Thumb Code    20  stm32f1xx_hal_tim.o(i.TIM_ETR_SetConfig)
    USART1_IRQHandler                        0x0800369d   Thumb Code     6  stm32f1xx_it.o(i.USART1_IRQHandler)
    USART3_IRQHandler                        0x080036a9   Thumb Code     6  stm32f1xx_it.o(i.USART3_IRQHandler)
    UsageFault_Handler                       0x080036b5   Thumb Code     2  stm32f1xx_it.o(i.UsageFault_Handler)
    __ARM_fpclassify                         0x080036b7   Thumb Code    40  fpclassify.o(i.__ARM_fpclassify)
    _is_digit                                0x080036ff   Thumb Code    14  __printf_wp.o(i._is_digit)
    _sys_exit                                0x0800370d   Thumb Code     2  usart.o(i._sys_exit)
    ds18b20_check                            0x08003711   Thumb Code    88  ds18b20.o(i.ds18b20_check)
    ds18b20_get_temperature                  0x0800376d   Thumb Code   120  ds18b20.o(i.ds18b20_get_temperature)
    ds18b20_init                             0x080037e9   Thumb Code    40  ds18b20.o(i.ds18b20_init)
    lcd1602_init                             0x08003901   Thumb Code   172  lcd1602.o(i.lcd1602_init)
    lcd1602_show_string                      0x080039b1   Thumb Code   108  lcd1602.o(i.lcd1602_show_string)
    lcd1602_user_char                        0x08003a1d   Thumb Code   198  lcd1602.o(i.lcd1602_user_char)
    lcd1602_write_4digitValue                0x08003ae5   Thumb Code    82  lcd1602.o(i.lcd1602_write_4digitValue)
    lcd1602_write_cmd                        0x08003b3d   Thumb Code   108  lcd1602.o(i.lcd1602_write_cmd)
    lcd1602_write_data                       0x08003bad   Thumb Code   108  lcd1602.o(i.lcd1602_write_data)
    main                                     0x08003c1d   Thumb Code  1258  main.o(i.main)
    map                                      0x08004107   Thumb Code    30  main.o(i.map)
    _get_lc_numeric                          0x08004125   Thumb Code    44  lc_numeric_c.o(locale$$code)
    __aeabi_ddiv                             0x08004151   Thumb Code     0  ddiv.o(x$fpl$ddiv)
    _ddiv                                    0x08004151   Thumb Code   552  ddiv.o(x$fpl$ddiv)
    __aeabi_d2iz                             0x08004401   Thumb Code     0  dfix.o(x$fpl$dfix)
    _dfix                                    0x08004401   Thumb Code    94  dfix.o(x$fpl$dfix)
    __aeabi_i2d                              0x0800445f   Thumb Code     0  dflt_clz.o(x$fpl$dflt)
    _dflt                                    0x0800445f   Thumb Code    46  dflt_clz.o(x$fpl$dflt)
    __aeabi_ui2d                             0x0800448d   Thumb Code     0  dflt_clz.o(x$fpl$dfltu)
    _dfltu                                   0x0800448d   Thumb Code    38  dflt_clz.o(x$fpl$dfltu)
    __aeabi_dmul                             0x080044b5   Thumb Code     0  dmul.o(x$fpl$dmul)
    _dmul                                    0x080044b5   Thumb Code   332  dmul.o(x$fpl$dmul)
    __fpl_dnaninf                            0x08004609   Thumb Code   156  dnaninf.o(x$fpl$dnaninf)
    __fpl_dretinf                            0x080046a5   Thumb Code    12  dretinf.o(x$fpl$dretinf)
    _printf_fp_dec                           0x080046b1   Thumb Code     4  printf1.o(x$fpl$printf1)
    __I$use$fp                               0x080046b4   Number         0  usenofp.o(x$fpl$usenofp)
    AHBPrescTable                            0x080046d8   Data          16  system_stm32f1xx.o(.constdata)
    APBPrescTable                            0x080046e8   Data           8  system_stm32f1xx.o(.constdata)
    Region$$Table$$Base                      0x08004798   Number         0  anon$$obj.o(Region$$Table)
    Region$$Table$$Limit                     0x080047b8   Number         0  anon$$obj.o(Region$$Table)
    dgState                                  0x20000000   Data           1  main.o(.data)
    sbState                                  0x20000001   Data           1  main.o(.data)
    fsState                                  0x20000002   Data           1  main.o(.data)
    adGzValue                                0x20000004   Data           2  main.o(.data)
    adSdValue                                0x20000006   Data           2  main.o(.data)
    newAdSdValue                             0x20000008   Data           2  main.o(.data)
    temperture                               0x2000000a   Data           2  main.o(.data)
    setTemperture                            0x2000000c   Data           2  main.o(.data)
    setHumidity                              0x2000000e   Data           2  main.o(.data)
    setLighting                              0x20000010   Data           2  main.o(.data)
    controlMode                              0x20000014   Data           4  main.o(.data)
    GpioOutputState                          0x2000001c   Data           1  gpio_output.o(.data)
    uwTickFreq                               0x20000028   Data           1  stm32f1xx_hal.o(.data)
    uwTickPrio                               0x2000002c   Data           4  stm32f1xx_hal.o(.data)
    uwTick                                   0x20000030   Data           4  stm32f1xx_hal.o(.data)
    SystemCoreClock                          0x20000034   Data           4  system_stm32f1xx.o(.data)
    showBuffer                               0x20000038   Data          50  main.o(.bss)
    adSdValueArray                           0x2000006c   Data          12  main.o(.bss)
    hadc1                                    0x20000078   Data          48  adc.o(.bss)
    htim4                                    0x200000a8   Data          72  tim.o(.bss)
    huart1                                   0x200000f0   Data          72  usart.o(.bss)
    huart3                                   0x20000138   Data          72  usart.o(.bss)
    flashRuntimeBuffer                       0x20000180   Data          40  flash.o(.bss)
    pFlash                                   0x200001a8   Data          32  stm32f1xx_hal_flash.o(.bss)
    __libspace_start                         0x200001c8   Data          96  libspace.o(.bss)
    __temporary_stack_top$libspace           0x20000228   Data           0  libspace.o(.bss)



==============================================================================

Memory Map of the image

  Image Entry point : 0x080000ed

  Load Region LR_IROM1 (Base: 0x08000000, Size: 0x0000480c, Max: 0x00010000, ABSOLUTE)

    Execution Region ER_IROM1 (Exec base: 0x08000000, Load base: 0x08000000, Size: 0x000047d4, Max: 0x00010000, ABSOLUTE)

    Exec Addr    Load Addr    Size         Type   Attr      Idx    E Section Name        Object

    0x08000000   0x08000000   0x000000ec   Data   RO            3    RESET               startup_stm32f103xb.o
    0x080000ec   0x080000ec   0x00000008   Code   RO         3561  * !!!main             c_w.l(__main.o)
    0x080000f4   0x080000f4   0x00000034   Code   RO         3795    !!!scatter          c_w.l(__scatter.o)
    0x08000128   0x08000128   0x0000001a   Code   RO         3797    !!handler_copy      c_w.l(__scatter_copy.o)
    0x08000142   0x08000142   0x00000002   PAD
    0x08000144   0x08000144   0x0000001c   Code   RO         3799    !!handler_zi        c_w.l(__scatter_zi.o)
    0x08000160   0x08000160   0x00000000   Code   RO         3556    .ARM.Collect$$_printf_percent$$00000000  c_w.l(_printf_percent.o)
    0x08000160   0x08000160   0x00000006   Code   RO         3555    .ARM.Collect$$_printf_percent$$00000003  c_w.l(_printf_f.o)
    0x08000166   0x08000166   0x00000006   Code   RO         3554    .ARM.Collect$$_printf_percent$$00000009  c_w.l(_printf_d.o)
    0x0800016c   0x0800016c   0x00000004   Code   RO         3592    .ARM.Collect$$_printf_percent$$00000017  c_w.l(_printf_percent_end.o)
    0x08000170   0x08000170   0x00000002   Code   RO         3670    .ARM.Collect$$libinit$$00000000  c_w.l(libinit.o)
    0x08000172   0x08000172   0x00000000   Code   RO         3672    .ARM.Collect$$libinit$$00000002  c_w.l(libinit2.o)
    0x08000172   0x08000172   0x00000000   Code   RO         3674    .ARM.Collect$$libinit$$00000004  c_w.l(libinit2.o)
    0x08000172   0x08000172   0x00000000   Code   RO         3677    .ARM.Collect$$libinit$$0000000A  c_w.l(libinit2.o)
    0x08000172   0x08000172   0x00000000   Code   RO         3679    .ARM.Collect$$libinit$$0000000C  c_w.l(libinit2.o)
    0x08000172   0x08000172   0x00000000   Code   RO         3681    .ARM.Collect$$libinit$$0000000E  c_w.l(libinit2.o)
    0x08000172   0x08000172   0x00000006   Code   RO         3682    .ARM.Collect$$libinit$$0000000F  c_w.l(libinit2.o)
    0x08000178   0x08000178   0x00000000   Code   RO         3684    .ARM.Collect$$libinit$$00000011  c_w.l(libinit2.o)
    0x08000178   0x08000178   0x00000000   Code   RO         3686    .ARM.Collect$$libinit$$00000013  c_w.l(libinit2.o)
    0x08000178   0x08000178   0x00000000   Code   RO         3688    .ARM.Collect$$libinit$$00000015  c_w.l(libinit2.o)
    0x08000178   0x08000178   0x0000000a   Code   RO         3689    .ARM.Collect$$libinit$$00000016  c_w.l(libinit2.o)
    0x08000182   0x08000182   0x00000000   Code   RO         3690    .ARM.Collect$$libinit$$00000017  c_w.l(libinit2.o)
    0x08000182   0x08000182   0x00000000   Code   RO         3692    .ARM.Collect$$libinit$$00000019  c_w.l(libinit2.o)
    0x08000182   0x08000182   0x00000000   Code   RO         3694    .ARM.Collect$$libinit$$0000001B  c_w.l(libinit2.o)
    0x08000182   0x08000182   0x00000000   Code   RO         3696    .ARM.Collect$$libinit$$0000001D  c_w.l(libinit2.o)
    0x08000182   0x08000182   0x00000000   Code   RO         3698    .ARM.Collect$$libinit$$0000001F  c_w.l(libinit2.o)
    0x08000182   0x08000182   0x00000000   Code   RO         3700    .ARM.Collect$$libinit$$00000021  c_w.l(libinit2.o)
    0x08000182   0x08000182   0x00000000   Code   RO         3702    .ARM.Collect$$libinit$$00000023  c_w.l(libinit2.o)
    0x08000182   0x08000182   0x00000000   Code   RO         3704    .ARM.Collect$$libinit$$00000025  c_w.l(libinit2.o)
    0x08000182   0x08000182   0x00000000   Code   RO         3708    .ARM.Collect$$libinit$$0000002C  c_w.l(libinit2.o)
    0x08000182   0x08000182   0x00000000   Code   RO         3710    .ARM.Collect$$libinit$$0000002E  c_w.l(libinit2.o)
    0x08000182   0x08000182   0x00000000   Code   RO         3712    .ARM.Collect$$libinit$$00000030  c_w.l(libinit2.o)
    0x08000182   0x08000182   0x00000000   Code   RO         3714    .ARM.Collect$$libinit$$00000032  c_w.l(libinit2.o)
    0x08000182   0x08000182   0x00000002   Code   RO         3715    .ARM.Collect$$libinit$$00000033  c_w.l(libinit2.o)
    0x08000184   0x08000184   0x00000002   Code   RO         3743    .ARM.Collect$$libshutdown$$00000000  c_w.l(libshutdown.o)
    0x08000186   0x08000186   0x00000000   Code   RO         3752    .ARM.Collect$$libshutdown$$00000002  c_w.l(libshutdown2.o)
    0x08000186   0x08000186   0x00000000   Code   RO         3754    .ARM.Collect$$libshutdown$$00000004  c_w.l(libshutdown2.o)
    0x08000186   0x08000186   0x00000000   Code   RO         3756    .ARM.Collect$$libshutdown$$00000006  c_w.l(libshutdown2.o)
    0x08000186   0x08000186   0x00000000   Code   RO         3759    .ARM.Collect$$libshutdown$$00000009  c_w.l(libshutdown2.o)
    0x08000186   0x08000186   0x00000000   Code   RO         3762    .ARM.Collect$$libshutdown$$0000000C  c_w.l(libshutdown2.o)
    0x08000186   0x08000186   0x00000000   Code   RO         3764    .ARM.Collect$$libshutdown$$0000000E  c_w.l(libshutdown2.o)
    0x08000186   0x08000186   0x00000000   Code   RO         3767    .ARM.Collect$$libshutdown$$00000011  c_w.l(libshutdown2.o)
    0x08000186   0x08000186   0x00000002   Code   RO         3768    .ARM.Collect$$libshutdown$$00000012  c_w.l(libshutdown2.o)
    0x08000188   0x08000188   0x00000000   Code   RO         3583    .ARM.Collect$$rtentry$$00000000  c_w.l(__rtentry.o)
    0x08000188   0x08000188   0x00000000   Code   RO         3599    .ARM.Collect$$rtentry$$00000002  c_w.l(__rtentry2.o)
    0x08000188   0x08000188   0x00000006   Code   RO         3611    .ARM.Collect$$rtentry$$00000004  c_w.l(__rtentry4.o)
    0x0800018e   0x0800018e   0x00000000   Code   RO         3601    .ARM.Collect$$rtentry$$00000009  c_w.l(__rtentry2.o)
    0x0800018e   0x0800018e   0x00000004   Code   RO         3602    .ARM.Collect$$rtentry$$0000000A  c_w.l(__rtentry2.o)
    0x08000192   0x08000192   0x00000000   Code   RO         3604    .ARM.Collect$$rtentry$$0000000C  c_w.l(__rtentry2.o)
    0x08000192   0x08000192   0x00000008   Code   RO         3605    .ARM.Collect$$rtentry$$0000000D  c_w.l(__rtentry2.o)
    0x0800019a   0x0800019a   0x00000002   Code   RO         3716    .ARM.Collect$$rtexit$$00000000  c_w.l(rtexit.o)
    0x0800019c   0x0800019c   0x00000000   Code   RO         3723    .ARM.Collect$$rtexit$$00000002  c_w.l(rtexit2.o)
    0x0800019c   0x0800019c   0x00000004   Code   RO         3724    .ARM.Collect$$rtexit$$00000003  c_w.l(rtexit2.o)
    0x080001a0   0x080001a0   0x00000006   Code   RO         3725    .ARM.Collect$$rtexit$$00000004  c_w.l(rtexit2.o)
    0x080001a6   0x080001a6   0x00000002   PAD
    0x080001a8   0x080001a8   0x00000040   Code   RO            4    .text               startup_stm32f103xb.o
    0x080001e8   0x080001e8   0x00000002   Code   RO         3520    .text               c_w.l(use_no_semi_2.o)
    0x080001ea   0x080001ea   0x00000026   Code   RO         3522    .text               c_w.l(llushr.o)
    0x08000210   0x08000210   0x00000028   Code   RO         3526    .text               c_w.l(noretval__2sprintf.o)
    0x08000238   0x08000238   0x0000004e   Code   RO         3530    .text               c_w.l(_printf_pad.o)
    0x08000286   0x08000286   0x00000002   PAD
    0x08000288   0x08000288   0x00000078   Code   RO         3532    .text               c_w.l(_printf_dec.o)
    0x08000300   0x08000300   0x00000138   Code   RO         3546    .text               c_w.l(__printf_flags_wp.o)
    0x08000438   0x08000438   0x0000004e   Code   RO         3557    .text               c_w.l(rt_memclr_w.o)
    0x08000486   0x08000486   0x00000006   Code   RO         3559    .text               c_w.l(heapauxi.o)
    0x0800048c   0x0800048c   0x00000002   Code   RO         3581    .text               c_w.l(use_no_semi.o)
    0x0800048e   0x0800048e   0x000000b2   Code   RO         3584    .text               c_w.l(_printf_intcommon.o)
    0x08000540   0x08000540   0x0000041e   Code   RO         3586    .text               c_w.l(_printf_fp_dec.o)
    0x0800095e   0x0800095e   0x00000002   PAD
    0x08000960   0x08000960   0x00000030   Code   RO         3588    .text               c_w.l(_printf_char_common.o)
    0x08000990   0x08000990   0x0000000a   Code   RO         3590    .text               c_w.l(_sputc.o)
    0x0800099a   0x0800099a   0x00000002   PAD
    0x0800099c   0x0800099c   0x00000008   Code   RO         3616    .text               c_w.l(rt_locale_intlibspace.o)
    0x080009a4   0x080009a4   0x0000008a   Code   RO         3618    .text               c_w.l(lludiv10.o)
    0x08000a2e   0x08000a2e   0x00000002   PAD
    0x08000a30   0x08000a30   0x00000080   Code   RO         3620    .text               c_w.l(_printf_fp_infnan.o)
    0x08000ab0   0x08000ab0   0x000000e4   Code   RO         3624    .text               c_w.l(bigflt0.o)
    0x08000b94   0x08000b94   0x00000008   Code   RO         3656    .text               c_w.l(libspace.o)
    0x08000b9c   0x08000b9c   0x0000004a   Code   RO         3659    .text               c_w.l(sys_stackheap_outer.o)
    0x08000be6   0x08000be6   0x00000012   Code   RO         3661    .text               c_w.l(exit.o)
    0x08000bf8   0x08000bf8   0x00000080   Code   RO         3663    .text               c_w.l(strcmpv7m.o)
    0x08000c78   0x08000c78   0x0000003e   Code   RO         3627    CL$$btod_d2e        c_w.l(btod.o)
    0x08000cb6   0x08000cb6   0x00000046   Code   RO         3629    CL$$btod_d2e_denorm_low  c_w.l(btod.o)
    0x08000cfc   0x08000cfc   0x00000060   Code   RO         3628    CL$$btod_d2e_norm_op1  c_w.l(btod.o)
    0x08000d5c   0x08000d5c   0x00000338   Code   RO         3637    CL$$btod_div_common  c_w.l(btod.o)
    0x08001094   0x08001094   0x000000dc   Code   RO         3634    CL$$btod_e2e        c_w.l(btod.o)
    0x08001170   0x08001170   0x0000002a   Code   RO         3631    CL$$btod_ediv       c_w.l(btod.o)
    0x0800119a   0x0800119a   0x0000002a   Code   RO         3630    CL$$btod_emul       c_w.l(btod.o)
    0x080011c4   0x080011c4   0x00000244   Code   RO         3636    CL$$btod_mult_common  c_w.l(btod.o)
    0x08001408   0x08001408   0x00000056   Code   RO          894    i.ADC_ConversionStop_Disable  stm32f1xx_hal_adc.o
    0x0800145e   0x0800145e   0x00000002   PAD
    0x08001460   0x08001460   0x0000007c   Code   RO          898    i.ADC_Enable        stm32f1xx_hal_adc.o
    0x080014dc   0x080014dc   0x00000018   Code   RO          548    i.Beep_Control      beep.o
    0x080014f4   0x080014f4   0x0000003c   Code   RO          549    i.Beep_GapControl   beep.o
    0x08001530   0x08001530   0x00000030   Code   RO          550    i.Beep_Init         beep.o
    0x08001560   0x08001560   0x00000002   Code   RO          430    i.BusFault_Handler  stm32f1xx_it.o
    0x08001562   0x08001562   0x00000002   PAD
    0x08001564   0x08001564   0x00000030   Code   RO          146    i.Close             main.o
    0x08001594   0x08001594   0x00000002   Code   RO          431    i.DebugMon_Handler  stm32f1xx_it.o
    0x08001596   0x08001596   0x00000004   Code   RO           13    i.Delay_Ms          delay.o
    0x0800159a   0x0800159a   0x00000002   PAD
    0x0800159c   0x0800159c   0x0000001c   Code   RO           14    i.Delay_Us          delay.o
    0x080015b8   0x080015b8   0x00000004   Code   RO          147    i.Error_Handler     main.o
    0x080015bc   0x080015bc   0x00000024   Code   RO         1990    i.FLASH_MassErase   stm32f1xx_hal_flash_ex.o
    0x080015e0   0x080015e0   0x00000024   Code   RO         1995    i.FLASH_PageErase   stm32f1xx_hal_flash_ex.o
    0x08001604   0x08001604   0x0000001c   Code   RO         1887    i.FLASH_Program_HalfWord  stm32f1xx_hal_flash.o
    0x08001620   0x08001620   0x0000005c   Code   RO         1888    i.FLASH_SetErrorCode  stm32f1xx_hal_flash.o
    0x0800167c   0x0800167c   0x00000054   Code   RO         1889    i.FLASH_WaitForLastOperation  stm32f1xx_hal_flash.o
    0x080016d0   0x080016d0   0x00000004   Code   RO          642    i.Flash_Init        flash.o
    0x080016d4   0x080016d4   0x0000000c   Code   RO          643    i.Flash_ReadValue   flash.o
    0x080016e0   0x080016e0   0x00000010   Code   RO          644    i.Flash_SaveValue   flash.o
    0x080016f0   0x080016f0   0x00000070   Code   RO          148    i.GetAdValue        main.o
    0x08001760   0x08001760   0x00000054   Code   RO          701    i.GpioOutput_Control  gpio_output.o
    0x080017b4   0x080017b4   0x00000078   Code   RO          703    i.GpioOutput_Init   gpio_output.o
    0x0800182c   0x0800182c   0x00000014   Code   RO          704    i.GpioOutput_NumbetrControl  gpio_output.o
    0x08001840   0x08001840   0x000000fc   Code   RO          900    i.HAL_ADC_ConfigChannel  stm32f1xx_hal_adc.o
    0x0800193c   0x0800193c   0x00000004   Code   RO          906    i.HAL_ADC_GetState  stm32f1xx_hal_adc.o
    0x08001940   0x08001940   0x00000006   Code   RO          907    i.HAL_ADC_GetValue  stm32f1xx_hal_adc.o
    0x08001946   0x08001946   0x00000002   PAD
    0x08001948   0x08001948   0x0000011c   Code   RO          909    i.HAL_ADC_Init      stm32f1xx_hal_adc.o
    0x08001a64   0x08001a64   0x00000058   Code   RO          282    i.HAL_ADC_MspInit   adc.o
    0x08001abc   0x08001abc   0x0000013c   Code   RO          913    i.HAL_ADC_PollForConversion  stm32f1xx_hal_adc.o
    0x08001bf8   0x08001bf8   0x000000c0   Code   RO          915    i.HAL_ADC_Start     stm32f1xx_hal_adc.o
    0x08001cb8   0x08001cb8   0x00000046   Code   RO         1551    i.HAL_DMA_Abort     stm32f1xx_hal_dma.o
    0x08001cfe   0x08001cfe   0x00000002   PAD
    0x08001d00   0x08001d00   0x00000098   Code   RO         1552    i.HAL_DMA_Abort_IT  stm32f1xx_hal_dma.o
    0x08001d98   0x08001d98   0x00000024   Code   RO         1177    i.HAL_Delay         stm32f1xx_hal.o
    0x08001dbc   0x08001dbc   0x000000a8   Code   RO         1996    i.HAL_FLASHEx_Erase  stm32f1xx_hal_flash_ex.o
    0x08001e64   0x08001e64   0x00000014   Code   RO         1893    i.HAL_FLASH_Lock    stm32f1xx_hal_flash.o
    0x08001e78   0x08001e78   0x00000080   Code   RO         1898    i.HAL_FLASH_Program  stm32f1xx_hal_flash.o
    0x08001ef8   0x08001ef8   0x00000028   Code   RO         1900    i.HAL_FLASH_Unlock  stm32f1xx_hal_flash.o
    0x08001f20   0x08001f20   0x000001e0   Code   RO         1487    i.HAL_GPIO_Init     stm32f1xx_hal_gpio.o
    0x08002100   0x08002100   0x0000000a   Code   RO         1489    i.HAL_GPIO_ReadPin  stm32f1xx_hal_gpio.o
    0x0800210a   0x0800210a   0x0000000a   Code   RO         1491    i.HAL_GPIO_WritePin  stm32f1xx_hal_gpio.o
    0x08002114   0x08002114   0x0000000c   Code   RO         1181    i.HAL_GetTick       stm32f1xx_hal.o
    0x08002120   0x08002120   0x00000010   Code   RO         1187    i.HAL_IncTick       stm32f1xx_hal.o
    0x08002130   0x08002130   0x00000024   Code   RO         1188    i.HAL_Init          stm32f1xx_hal.o
    0x08002154   0x08002154   0x00000040   Code   RO         1189    i.HAL_InitTick      stm32f1xx_hal.o
    0x08002194   0x08002194   0x0000002c   Code   RO          524    i.HAL_MspInit       stm32f1xx_hal_msp.o
    0x080021c0   0x080021c0   0x0000001a   Code   RO         1647    i.HAL_NVIC_EnableIRQ  stm32f1xx_hal_cortex.o
    0x080021da   0x080021da   0x00000002   PAD
    0x080021dc   0x080021dc   0x00000040   Code   RO         1653    i.HAL_NVIC_SetPriority  stm32f1xx_hal_cortex.o
    0x0800221c   0x0800221c   0x00000024   Code   RO         1654    i.HAL_NVIC_SetPriorityGrouping  stm32f1xx_hal_cortex.o
    0x08002240   0x08002240   0x000000a4   Code   RO         1448    i.HAL_RCCEx_GetPeriphCLKFreq  stm32f1xx_hal_rcc_ex.o
    0x080022e4   0x080022e4   0x000000ec   Code   RO         1449    i.HAL_RCCEx_PeriphCLKConfig  stm32f1xx_hal_rcc_ex.o
    0x080023d0   0x080023d0   0x0000012c   Code   RO         1345    i.HAL_RCC_ClockConfig  stm32f1xx_hal_rcc.o
    0x080024fc   0x080024fc   0x0000000c   Code   RO         1350    i.HAL_RCC_GetHCLKFreq  stm32f1xx_hal_rcc.o
    0x08002508   0x08002508   0x00000020   Code   RO         1352    i.HAL_RCC_GetPCLK1Freq  stm32f1xx_hal_rcc.o
    0x08002528   0x08002528   0x00000020   Code   RO         1353    i.HAL_RCC_GetPCLK2Freq  stm32f1xx_hal_rcc.o
    0x08002548   0x08002548   0x0000004c   Code   RO         1354    i.HAL_RCC_GetSysClockFreq  stm32f1xx_hal_rcc.o
    0x08002594   0x08002594   0x00000320   Code   RO         1357    i.HAL_RCC_OscConfig  stm32f1xx_hal_rcc.o
    0x080028b4   0x080028b4   0x00000028   Code   RO         1658    i.HAL_SYSTICK_Config  stm32f1xx_hal_cortex.o
    0x080028dc   0x080028dc   0x00000002   Code   RO         2853    i.HAL_TIMEx_BreakCallback  stm32f1xx_hal_tim_ex.o
    0x080028de   0x080028de   0x00000002   Code   RO         2854    i.HAL_TIMEx_CommutCallback  stm32f1xx_hal_tim_ex.o
    0x080028e0   0x080028e0   0x00000068   Code   RO         2872    i.HAL_TIMEx_MasterConfigSynchronization  stm32f1xx_hal_tim_ex.o
    0x08002948   0x08002948   0x0000005a   Code   RO         2149    i.HAL_TIM_Base_Init  stm32f1xx_hal_tim.o
    0x080029a2   0x080029a2   0x00000002   PAD
    0x080029a4   0x080029a4   0x0000003c   Code   RO          324    i.HAL_TIM_Base_MspInit  tim.o
    0x080029e0   0x080029e0   0x000000dc   Code   RO         2158    i.HAL_TIM_ConfigClockSource  stm32f1xx_hal_tim.o
    0x08002abc   0x08002abc   0x00000002   Code   RO         2183    i.HAL_TIM_IC_CaptureCallback  stm32f1xx_hal_tim.o
    0x08002abe   0x08002abe   0x00000166   Code   RO         2197    i.HAL_TIM_IRQHandler  stm32f1xx_hal_tim.o
    0x08002c24   0x08002c24   0x00000002   Code   RO         2200    i.HAL_TIM_OC_DelayElapsedCallback  stm32f1xx_hal_tim.o
    0x08002c26   0x08002c26   0x00000002   Code   RO         2227    i.HAL_TIM_PWM_PulseFinishedCallback  stm32f1xx_hal_tim.o
    0x08002c28   0x08002c28   0x00000002   Code   RO         2235    i.HAL_TIM_PeriodElapsedCallback  stm32f1xx_hal_tim.o
    0x08002c2a   0x08002c2a   0x00000002   Code   RO         2240    i.HAL_TIM_TriggerCallback  stm32f1xx_hal_tim.o
    0x08002c2c   0x08002c2c   0x00000002   Code   RO         3132    i.HAL_UARTEx_RxEventCallback  stm32f1xx_hal_uart.o
    0x08002c2e   0x08002c2e   0x00000002   Code   RO         3146    i.HAL_UART_ErrorCallback  stm32f1xx_hal_uart.o
    0x08002c30   0x08002c30   0x0000026c   Code   RO         3149    i.HAL_UART_IRQHandler  stm32f1xx_hal_uart.o
    0x08002e9c   0x08002e9c   0x00000064   Code   RO         3150    i.HAL_UART_Init     stm32f1xx_hal_uart.o
    0x08002f00   0x08002f00   0x000000dc   Code   RO          366    i.HAL_UART_MspInit  usart.o
    0x08002fdc   0x08002fdc   0x00000002   Code   RO         3156    i.HAL_UART_RxCpltCallback  stm32f1xx_hal_uart.o
    0x08002fde   0x08002fde   0x00000002   Code   RO         3161    i.HAL_UART_TxCpltCallback  stm32f1xx_hal_uart.o
    0x08002fe0   0x08002fe0   0x00000002   Code   RO          432    i.HardFault_Handler  stm32f1xx_it.o
    0x08002fe2   0x08002fe2   0x00000002   PAD
    0x08002fe4   0x08002fe4   0x0000004c   Code   RO          755    i.Key_Init          key.o
    0x08003030   0x08003030   0x000000d4   Code   RO          756    i.Key_Scan          key.o
    0x08003104   0x08003104   0x00000068   Code   RO          283    i.MX_ADC1_Init      adc.o
    0x0800316c   0x0800316c   0x0000003c   Code   RO          257    i.MX_GPIO_Init      gpio.o
    0x080031a8   0x080031a8   0x00000068   Code   RO          325    i.MX_TIM4_Init      tim.o
    0x08003210   0x08003210   0x00000038   Code   RO          367    i.MX_USART1_UART_Init  usart.o
    0x08003248   0x08003248   0x00000038   Code   RO          368    i.MX_USART3_UART_Init  usart.o
    0x08003280   0x08003280   0x0000004c   Code   RO          150    i.Main_GPIO_OpenAll_RCC_CLK  main.o
    0x080032cc   0x080032cc   0x00000002   Code   RO          433    i.MemManage_Handler  stm32f1xx_it.o
    0x080032ce   0x080032ce   0x00000002   Code   RO          434    i.NMI_Handler       stm32f1xx_it.o
    0x080032d0   0x080032d0   0x00000002   Code   RO          435    i.PendSV_Handler    stm32f1xx_it.o
    0x080032d2   0x080032d2   0x00000002   PAD
    0x080032d4   0x080032d4   0x00000030   Code   RO          646    i.Private_Flash_ReadValue  flash.o
    0x08003304   0x08003304   0x0000005c   Code   RO          647    i.Private_Flash_SaveValue  flash.o
    0x08003360   0x08003360   0x00000002   Code   RO          436    i.SVC_Handler       stm32f1xx_it.o
    0x08003362   0x08003362   0x00000004   Code   RO          437    i.SysTick_Handler   stm32f1xx_it.o
    0x08003366   0x08003366   0x00000078   Code   RO          151    i.SystemClock_Config  main.o
    0x080033de   0x080033de   0x00000002   Code   RO         3484    i.SystemInit        system_stm32f1xx.o
    0x080033e0   0x080033e0   0x0000000c   Code   RO          438    i.TIM4_IRQHandler   stm32f1xx_it.o
    0x080033ec   0x080033ec   0x0000006c   Code   RO         2242    i.TIM_Base_SetConfig  stm32f1xx_hal_tim.o
    0x08003458   0x08003458   0x00000014   Code   RO         2253    i.TIM_ETR_SetConfig  stm32f1xx_hal_tim.o
    0x0800346c   0x0800346c   0x00000010   Code   RO         2254    i.TIM_ITRx_SetConfig  stm32f1xx_hal_tim.o
    0x0800347c   0x0800347c   0x00000022   Code   RO         2260    i.TIM_TI1_ConfigInputStage  stm32f1xx_hal_tim.o
    0x0800349e   0x0800349e   0x00000024   Code   RO         2262    i.TIM_TI2_ConfigInputStage  stm32f1xx_hal_tim.o
    0x080034c2   0x080034c2   0x00000010   Code   RO         3163    i.UART_DMAAbortOnError  stm32f1xx_hal_uart.o
    0x080034d2   0x080034d2   0x0000004e   Code   RO         3173    i.UART_EndRxTransfer  stm32f1xx_hal_uart.o
    0x08003520   0x08003520   0x000000c2   Code   RO         3175    i.UART_Receive_IT   stm32f1xx_hal_uart.o
    0x080035e2   0x080035e2   0x00000002   PAD
    0x080035e4   0x080035e4   0x000000b8   Code   RO         3176    i.UART_SetConfig    stm32f1xx_hal_uart.o
    0x0800369c   0x0800369c   0x0000000c   Code   RO          439    i.USART1_IRQHandler  stm32f1xx_it.o
    0x080036a8   0x080036a8   0x0000000c   Code   RO          440    i.USART3_IRQHandler  stm32f1xx_it.o
    0x080036b4   0x080036b4   0x00000002   Code   RO          441    i.UsageFault_Handler  stm32f1xx_it.o
    0x080036b6   0x080036b6   0x00000028   Code   RO         3654    i.__ARM_fpclassify  m_ws.l(fpclassify.o)
    0x080036de   0x080036de   0x00000020   Code   RO         1660    i.__NVIC_SetPriority  stm32f1xx_hal_cortex.o
    0x080036fe   0x080036fe   0x0000000e   Code   RO         3544    i._is_digit         c_w.l(__printf_wp.o)
    0x0800370c   0x0800370c   0x00000002   Code   RO          369    i._sys_exit         usart.o
    0x0800370e   0x0800370e   0x00000002   PAD
    0x08003710   0x08003710   0x0000005c   Code   RO          588    i.ds18b20_check     ds18b20.o
    0x0800376c   0x0800376c   0x0000007c   Code   RO          589    i.ds18b20_get_temperature  ds18b20.o
    0x080037e8   0x080037e8   0x0000002c   Code   RO          590    i.ds18b20_init      ds18b20.o
    0x08003814   0x08003814   0x0000005c   Code   RO          591    i.ds18b20_read_byte  ds18b20.o
    0x08003870   0x08003870   0x00000034   Code   RO          592    i.ds18b20_reset     ds18b20.o
    0x080038a4   0x080038a4   0x0000005c   Code   RO          593    i.ds18b20_write_byte  ds18b20.o
    0x08003900   0x08003900   0x000000b0   Code   RO          790    i.lcd1602_init      lcd1602.o
    0x080039b0   0x080039b0   0x0000006c   Code   RO          792    i.lcd1602_show_string  lcd1602.o
    0x08003a1c   0x08003a1c   0x000000c6   Code   RO          793    i.lcd1602_user_char  lcd1602.o
    0x08003ae2   0x08003ae2   0x00000002   PAD
    0x08003ae4   0x08003ae4   0x00000058   Code   RO          794    i.lcd1602_write_4digitValue  lcd1602.o
    0x08003b3c   0x08003b3c   0x00000070   Code   RO          795    i.lcd1602_write_cmd  lcd1602.o
    0x08003bac   0x08003bac   0x00000070   Code   RO          796    i.lcd1602_write_data  lcd1602.o
    0x08003c1c   0x08003c1c   0x000004ea   Code   RO          152    i.main              main.o
    0x08004106   0x08004106   0x0000001e   Code   RO          153    i.map               main.o
    0x08004124   0x08004124   0x0000002c   Code   RO         3650    locale$$code        c_w.l(lc_numeric_c.o)
    0x08004150   0x08004150   0x000002b0   Code   RO         3564    x$fpl$ddiv          fz_ws.l(ddiv.o)
    0x08004400   0x08004400   0x0000005e   Code   RO         3567    x$fpl$dfix          fz_ws.l(dfix.o)
    0x0800445e   0x0800445e   0x0000002e   Code   RO         3572    x$fpl$dflt          fz_ws.l(dflt_clz.o)
    0x0800448c   0x0800448c   0x00000026   Code   RO         3571    x$fpl$dfltu         fz_ws.l(dflt_clz.o)
    0x080044b2   0x080044b2   0x00000002   PAD
    0x080044b4   0x080044b4   0x00000154   Code   RO         3577    x$fpl$dmul          fz_ws.l(dmul.o)
    0x08004608   0x08004608   0x0000009c   Code   RO         3593    x$fpl$dnaninf       fz_ws.l(dnaninf.o)
    0x080046a4   0x080046a4   0x0000000c   Code   RO         3595    x$fpl$dretinf       fz_ws.l(dretinf.o)
    0x080046b0   0x080046b0   0x00000004   Code   RO         3579    x$fpl$printf1       fz_ws.l(printf1.o)
    0x080046b4   0x080046b4   0x00000000   Code   RO         3597    x$fpl$usenofp       fz_ws.l(usenofp.o)
    0x080046b4   0x080046b4   0x00000012   Data   RO         1358    .constdata          stm32f1xx_hal_rcc.o
    0x080046c6   0x080046c6   0x00000012   Data   RO         1450    .constdata          stm32f1xx_hal_rcc_ex.o
    0x080046d8   0x080046d8   0x00000010   Data   RO         3485    .constdata          system_stm32f1xx.o
    0x080046e8   0x080046e8   0x00000008   Data   RO         3486    .constdata          system_stm32f1xx.o
    0x080046f0   0x080046f0   0x00000011   Data   RO         3547    .constdata          c_w.l(__printf_flags_wp.o)
    0x08004701   0x08004701   0x00000003   PAD
    0x08004704   0x08004704   0x00000094   Data   RO         3625    .constdata          c_w.l(bigflt0.o)
    0x08004798   0x08004798   0x00000020   Data   RO         3793    Region$$Table       anon$$obj.o
    0x080047b8   0x080047b8   0x0000001c   Data   RO         3649    locale$$data        c_w.l(lc_numeric_c.o)


    Execution Region RW_IRAM1 (Exec base: 0x20000000, Load base: 0x080047d4, Size: 0x00000828, Max: 0x00005000, ABSOLUTE)

    Exec Addr    Load Addr    Size         Type   Attr      Idx    E Section Name        Object

    0x20000000   0x080047d4   0x00000018   Data   RW          155    .data               main.o
    0x20000018   0x080047ec   0x00000004   Data   RW          551    .data               beep.o
    0x2000001c   0x080047f0   0x00000008   Data   RW          706    .data               gpio_output.o
    0x20000024   0x080047f8   0x00000001   Data   RW          757    .data               key.o
    0x20000025   0x080047f9   0x00000003   PAD
    0x20000028   0x080047fc   0x0000000c   Data   RW         1195    .data               stm32f1xx_hal.o
    0x20000034   0x08004808   0x00000004   Data   RW         3487    .data               system_stm32f1xx.o
    0x20000038        -       0x00000040   Zero   RW          154    .bss                main.o
    0x20000078        -       0x00000030   Zero   RW          284    .bss                adc.o
    0x200000a8        -       0x00000048   Zero   RW          326    .bss                tim.o
    0x200000f0        -       0x00000090   Zero   RW          371    .bss                usart.o
    0x20000180        -       0x00000028   Zero   RW          648    .bss                flash.o
    0x200001a8        -       0x00000020   Zero   RW         1901    .bss                stm32f1xx_hal_flash.o
    0x200001c8        -       0x00000060   Zero   RW         3657    .bss                c_w.l(libspace.o)
    0x20000228        -       0x00000200   Zero   RW            2    HEAP                startup_stm32f103xb.o
    0x20000428        -       0x00000400   Zero   RW            1    STACK               startup_stm32f103xb.o


==============================================================================

Image component sizes


      Code (inc. data)   RO Data    RW Data    ZI Data      Debug   Object Name

       192         24          0          0         48       1917   adc.o
       132         20          0          4          0       1689   beep.o
        32          6          0          0          0     449418   delay.o
       496         26          0          0          0       4733   ds18b20.o
       172         26          0          0         40       4041   flash.o
        60          6          0          0          0        943   gpio.o
       224         22          0          8          0       3593   gpio_output.o
       288         14          0          1          0       1398   key.o
       794         18          0          0          0       4162   lcd1602.o
      1648        218          0         24         64       7490   main.o
        64         26        236          0       1536        852   startup_stm32f103xb.o
       164         28          0         12          0       6401   stm32f1xx_hal.o
      1264         54          0          0          0       7639   stm32f1xx_hal_adc.o
       198         14          0          0          0      29307   stm32f1xx_hal_cortex.o
       222          4          0          0          0       1955   stm32f1xx_hal_dma.o
       392         46          0          0         32       5226   stm32f1xx_hal_flash.o
       240         26          0          0          0       3493   stm32f1xx_hal_flash_ex.o
       500         34          0          0          0       3759   stm32f1xx_hal_gpio.o
        44          6          0          0          0        958   stm32f1xx_hal_msp.o
      1252         90         18          0          0       5996   stm32f1xx_hal_rcc.o
       400         28         18          0          0       2657   stm32f1xx_hal_rcc_ex.o
       892         14          0          0          0      10469   stm32f1xx_hal_tim.o
       108         12          0          0          0       2649   stm32f1xx_hal_tim_ex.o
      1200         10          0          0          0       8656   stm32f1xx_hal_uart.o
        56         18          0          0          0       5916   stm32f1xx_it.o
         2          0         24          4          0       1299   system_stm32f1xx.o
       164         20          0          0         72       1910   tim.o
       334         38          0          0        144       4475   usart.o

    ----------------------------------------------------------------------
     11558        848        328         56       1936     583001   Object Totals
         0          0         32          0          0          0   (incl. Generated)
        24          0          0          3          0          0   (incl. Padding)

    ----------------------------------------------------------------------

      Code (inc. data)   RO Data    RW Data    ZI Data      Debug   Library Member Name

         8          0          0          0          0         68   __main.o
       312          4         17          0          0         92   __printf_flags_wp.o
        14          0          0          0          0         68   __printf_wp.o
         0          0          0          0          0          0   __rtentry.o
        12          0          0          0          0          0   __rtentry2.o
         6          0          0          0          0          0   __rtentry4.o
        52          8          0          0          0          0   __scatter.o
        26          0          0          0          0          0   __scatter_copy.o
        28          0          0          0          0          0   __scatter_zi.o
        48          6          0          0          0         96   _printf_char_common.o
         6          0          0          0          0          0   _printf_d.o
       120         16          0          0          0         92   _printf_dec.o
         6          0          0          0          0          0   _printf_f.o
      1054          0          0          0          0        216   _printf_fp_dec.o
       128         16          0          0          0         84   _printf_fp_infnan.o
       178          0          0          0          0         88   _printf_intcommon.o
        78          0          0          0          0        108   _printf_pad.o
         0          0          0          0          0          0   _printf_percent.o
         4          0          0          0          0          0   _printf_percent_end.o
        10          0          0          0          0         68   _sputc.o
       228          4        148          0          0         96   bigflt0.o
      1936        128          0          0          0        672   btod.o
        18          0          0          0          0         80   exit.o
         6          0          0          0          0        152   heapauxi.o
        44         10         28          0          0         76   lc_numeric_c.o
         2          0          0          0          0          0   libinit.o
        18          0          0          0          0          0   libinit2.o
         2          0          0          0          0          0   libshutdown.o
         2          0          0          0          0          0   libshutdown2.o
         8          4          0          0         96         68   libspace.o
       138          0          0          0          0         80   lludiv10.o
        38          0          0          0          0         68   llushr.o
        40          6          0          0          0         84   noretval__2sprintf.o
         8          4          0          0          0         68   rt_locale_intlibspace.o
        78          0          0          0          0         80   rt_memclr_w.o
         2          0          0          0          0          0   rtexit.o
        10          0          0          0          0          0   rtexit2.o
       128          0          0          0          0         68   strcmpv7m.o
        74          0          0          0          0         80   sys_stackheap_outer.o
         2          0          0          0          0         68   use_no_semi.o
         2          0          0          0          0         68   use_no_semi_2.o
       688        140          0          0          0        208   ddiv.o
        94          4          0          0          0         92   dfix.o
        84          0          0          0          0        136   dflt_clz.o
       340         12          0          0          0        104   dmul.o
       156          4          0          0          0         92   dnaninf.o
        12          0          0          0          0         68   dretinf.o
         4          0          0          0          0         68   printf1.o
         0          0          0          0          0          0   usenofp.o
        40          0          0          0          0         68   fpclassify.o

    ----------------------------------------------------------------------
      6306        366        196          0         96       3624   Library Totals
        14          0          3          0          0          0   (incl. Padding)

    ----------------------------------------------------------------------

      Code (inc. data)   RO Data    RW Data    ZI Data      Debug   Library Name

      4874        206        193          0         96       2788   c_w.l
      1378        160          0          0          0        768   fz_ws.l
        40          0          0          0          0         68   m_ws.l

    ----------------------------------------------------------------------
      6306        366        196          0         96       3624   Library Totals

    ----------------------------------------------------------------------

==============================================================================


      Code (inc. data)   RO Data    RW Data    ZI Data      Debug   

     17864       1214        524         56       2032     578561   Grand Totals
     17864       1214        524         56       2032     578561   ELF Image Totals
     17864       1214        524         56          0          0   ROM Totals

==============================================================================

    Total RO  Size (Code + RO Data)                18388 (  17.96kB)
    Total RW  Size (RW Data + ZI Data)              2088 (   2.04kB)
    Total ROM Size (Code + RO Data + RW Data)      18444 (  18.01kB)

==============================================================================

